../Core/Src/stm32f1xx_it.c:47:6:NMI_Handler	4	static
../Core/Src/stm32f1xx_it.c:57:6:HardFault_Handler	4	static
../Core/Src/stm32f1xx_it.c:67:6:MemManage_Handler	4	static
../Core/Src/stm32f1xx_it.c:77:6:BusFault_Handler	4	static
../Core/Src/stm32f1xx_it.c:87:6:UsageFault_Handler	4	static
../Core/Src/stm32f1xx_it.c:97:6:SVC_Handler	4	static
../Core/Src/stm32f1xx_it.c:104:6:DebugMon_Handler	4	static
../Core/Src/stm32f1xx_it.c:111:6:PendSV_Handler	4	static
../Core/Src/stm32f1xx_it.c:118:6:SysTick_Handler	8	static
../Core/Src/stm32f1xx_it.c:134:6:TIM4_IRQHandler	8	static
../Core/Src/stm32f1xx_it.c:142:6:USART1_IRQHandler	8	static
../Core/Src/stm32f1xx_it.c:147:6:HAL_TIM_PeriodElapsedCallback	16	static
