../Core/Src/uwb.c:8:15:portGetTickCnt	4	static
../Core/Src/uwb.c:16:6:sleep_ms	24	static
../Core/Src/uwb.c:26:6:Sleep	16	static
../Core/Src/uwb.c:32:6:deca_usleep	24	static,ignoring_inline_asm
../Core/Src/uwb.c:43:6:deca_sleep	16	static
../Core/Src/uwb.c:49:10:EXTI_GetITEnStatus	24	static
../Core/Src/uwb.c:74:6:reset_DWIC	24	static
../Core/Src/uwb.c:123:6:wakeup_device_with_io	8	static
../Core/Src/uwb.c:134:5:writetospi_serial	136	static
../Core/Src/uwb.c:167:5:readfromspi_serial	24	static
