Archive member included to satisfy reference by file (symbol)

/opt/st/stm32cubeide_1.15.0/plugins/com.st.stm32cube.ide.mcu.externaltools.gnu-tools-for-stm32.12.3.rel1.linux64_1.0.100.202403111256/tools/bin/../lib/gcc/arm-none-eabi/12.3.1/../../../../arm-none-eabi/lib/thumb/v7-m/nofp/libc_nano.a(libc_a-assert.o)
                              ./Core/Src/deca_device.o (__assert_func)
/opt/st/stm32cubeide_1.15.0/plugins/com.st.stm32cube.ide.mcu.externaltools.gnu-tools-for-stm32.12.3.rel1.linux64_1.0.100.202403111256/tools/bin/../lib/gcc/arm-none-eabi/12.3.1/../../../../arm-none-eabi/lib/thumb/v7-m/nofp/libc_nano.a(libc_a-exit.o)
                              /opt/st/stm32cubeide_1.15.0/plugins/com.st.stm32cube.ide.mcu.externaltools.gnu-tools-for-stm32.12.3.rel1.linux64_1.0.100.202403111256/tools/bin/../lib/gcc/arm-none-eabi/12.3.1/../../../../arm-none-eabi/lib/thumb/v7-m/nofp/crt0.o (exit)
/opt/st/stm32cubeide_1.15.0/plugins/com.st.stm32cube.ide.mcu.externaltools.gnu-tools-for-stm32.12.3.rel1.linux64_1.0.100.202403111256/tools/bin/../lib/gcc/arm-none-eabi/12.3.1/../../../../arm-none-eabi/lib/thumb/v7-m/nofp/libc_nano.a(libc_a-findfp.o)
                              /opt/st/stm32cubeide_1.15.0/plugins/com.st.stm32cube.ide.mcu.externaltools.gnu-tools-for-stm32.12.3.rel1.linux64_1.0.100.202403111256/tools/bin/../lib/gcc/arm-none-eabi/12.3.1/../../../../arm-none-eabi/lib/thumb/v7-m/nofp/libc_nano.a(libc_a-exit.o) (__stdio_exit_handler)
/opt/st/stm32cubeide_1.15.0/plugins/com.st.stm32cube.ide.mcu.externaltools.gnu-tools-for-stm32.12.3.rel1.linux64_1.0.100.202403111256/tools/bin/../lib/gcc/arm-none-eabi/12.3.1/../../../../arm-none-eabi/lib/thumb/v7-m/nofp/libc_nano.a(libc_a-fprintf.o)
                              /opt/st/stm32cubeide_1.15.0/plugins/com.st.stm32cube.ide.mcu.externaltools.gnu-tools-for-stm32.12.3.rel1.linux64_1.0.100.202403111256/tools/bin/../lib/gcc/arm-none-eabi/12.3.1/../../../../arm-none-eabi/lib/thumb/v7-m/nofp/libc_nano.a(libc_a-assert.o) (fiprintf)
/opt/st/stm32cubeide_1.15.0/plugins/com.st.stm32cube.ide.mcu.externaltools.gnu-tools-for-stm32.12.3.rel1.linux64_1.0.100.202403111256/tools/bin/../lib/gcc/arm-none-eabi/12.3.1/../../../../arm-none-eabi/lib/thumb/v7-m/nofp/libc_nano.a(libc_a-fwalk.o)
                              /opt/st/stm32cubeide_1.15.0/plugins/com.st.stm32cube.ide.mcu.externaltools.gnu-tools-for-stm32.12.3.rel1.linux64_1.0.100.202403111256/tools/bin/../lib/gcc/arm-none-eabi/12.3.1/../../../../arm-none-eabi/lib/thumb/v7-m/nofp/libc_nano.a(libc_a-findfp.o) (_fwalk_sglue)
/opt/st/stm32cubeide_1.15.0/plugins/com.st.stm32cube.ide.mcu.externaltools.gnu-tools-for-stm32.12.3.rel1.linux64_1.0.100.202403111256/tools/bin/../lib/gcc/arm-none-eabi/12.3.1/../../../../arm-none-eabi/lib/thumb/v7-m/nofp/libc_nano.a(libc_a-sprintf.o)
                              ./Core/Src/Application.o (sprintf)
/opt/st/stm32cubeide_1.15.0/plugins/com.st.stm32cube.ide.mcu.externaltools.gnu-tools-for-stm32.12.3.rel1.linux64_1.0.100.202403111256/tools/bin/../lib/gcc/arm-none-eabi/12.3.1/../../../../arm-none-eabi/lib/thumb/v7-m/nofp/libc_nano.a(libc_a-stdio.o)
                              /opt/st/stm32cubeide_1.15.0/plugins/com.st.stm32cube.ide.mcu.externaltools.gnu-tools-for-stm32.12.3.rel1.linux64_1.0.100.202403111256/tools/bin/../lib/gcc/arm-none-eabi/12.3.1/../../../../arm-none-eabi/lib/thumb/v7-m/nofp/libc_nano.a(libc_a-findfp.o) (__sread)
/opt/st/stm32cubeide_1.15.0/plugins/com.st.stm32cube.ide.mcu.externaltools.gnu-tools-for-stm32.12.3.rel1.linux64_1.0.100.202403111256/tools/bin/../lib/gcc/arm-none-eabi/12.3.1/../../../../arm-none-eabi/lib/thumb/v7-m/nofp/libc_nano.a(libc_a-memcmp.o)
                              ./Core/Src/ds_twr_initiator.o (memcmp)
/opt/st/stm32cubeide_1.15.0/plugins/com.st.stm32cube.ide.mcu.externaltools.gnu-tools-for-stm32.12.3.rel1.linux64_1.0.100.202403111256/tools/bin/../lib/gcc/arm-none-eabi/12.3.1/../../../../arm-none-eabi/lib/thumb/v7-m/nofp/libc_nano.a(libc_a-memset.o)
                              /opt/st/stm32cubeide_1.15.0/plugins/com.st.stm32cube.ide.mcu.externaltools.gnu-tools-for-stm32.12.3.rel1.linux64_1.0.100.202403111256/tools/bin/../lib/gcc/arm-none-eabi/12.3.1/../../../../arm-none-eabi/lib/thumb/v7-m/nofp/crt0.o (memset)
/opt/st/stm32cubeide_1.15.0/plugins/com.st.stm32cube.ide.mcu.externaltools.gnu-tools-for-stm32.12.3.rel1.linux64_1.0.100.202403111256/tools/bin/../lib/gcc/arm-none-eabi/12.3.1/../../../../arm-none-eabi/lib/thumb/v7-m/nofp/libc_nano.a(libc_a-closer.o)
                              /opt/st/stm32cubeide_1.15.0/plugins/com.st.stm32cube.ide.mcu.externaltools.gnu-tools-for-stm32.12.3.rel1.linux64_1.0.100.202403111256/tools/bin/../lib/gcc/arm-none-eabi/12.3.1/../../../../arm-none-eabi/lib/thumb/v7-m/nofp/libc_nano.a(libc_a-stdio.o) (_close_r)
[...]
Memory Configuration

Name             Origin             Length             Attributes
RAM              0x20000000         0x00005000         xrw
FLASH            0x08000000         0x00010000         xr
*default*        0x00000000         0xffffffff

Linker script and memory map

LOAD /opt/st/stm32cubeide_1.15.0/plugins/com.st.stm32cube.ide.mcu.externaltools.gnu-tools-for-stm32.12.3.rel1.linux64_1.0.100.202403111256/tools/bin/../lib/gcc/arm-none-eabi/12.3.1/thumb/v7-m/nofp/crti.o
LOAD /opt/st/stm32cubeide_1.15.0/plugins/com.st.stm32cube.ide.mcu.externaltools.gnu-tools-for-stm32.12.3.rel1.linux64_1.0.100.202403111256/tools/bin/../lib/gcc/arm-none-eabi/12.3.1/thumb/v7-m/nofp/crtbegin.o
LOAD /opt/st/stm32cubeide_1.15.0/plugins/com.st.stm32cube.ide.mcu.externaltools.gnu-tools-for-stm32.12.3.rel1.linux64_1.0.100.202403111256/tools/bin/../lib/gcc/arm-none-eabi/12.3.1/../../../../arm-none-eabi/lib/thumb/v7-m/nofp/crt0.o
LOAD ./Core/Src/Application.o
LOAD ./Core/Src/config_options.o
LOAD ./Core/Src/deca_device.o
LOAD ./Core/Src/ds_twr_initiator.o
LOAD ./Core/Src/ds_twr_responder.o
LOAD ./Core/Src/hmi_uart.o
LOAD ./Core/Src/key.o
LOAD ./Core/Src/main.o
LOAD ./Core/Src/menu.o
LOAD ./Core/Src/shared_functions.o
LOAD ./Core/Src/simple_rx.o
LOAD ./Core/Src/simple_tx.o
LOAD ./Core/Src/stm32f1xx_hal_msp.o
LOAD ./Core/Src/stm32f1xx_it.o
LOAD ./Core/Src/syscalls.o
LOAD ./Core/Src/sysmem.o
LOAD ./Core/Src/system_stm32f1xx.o
LOAD ./Core/Src/uwb.o
LOAD ./Core/Startup/startup_stm32f103c8tx.o
LOAD ./Drivers/STM32F1xx_HAL_Driver/Src/stm32f1xx_hal.o
LOAD ./Drivers/STM32F1xx_HAL_Driver/Src/stm32f1xx_hal_cortex.o
LOAD ./Drivers/STM32F1xx_HAL_Driver/Src/stm32f1xx_hal_dma.o
LOAD ./Drivers/STM32F1xx_HAL_Driver/Src/stm32f1xx_hal_exti.o
LOAD ./Drivers/STM32F1xx_HAL_Driver/Src/stm32f1xx_hal_flash.o
LOAD ./Drivers/STM32F1xx_HAL_Driver/Src/stm32f1xx_hal_flash_ex.o
LOAD ./Drivers/STM32F1xx_HAL_Driver/Src/stm32f1xx_hal_gpio.o
LOAD ./Drivers/STM32F1xx_HAL_Driver/Src/stm32f1xx_hal_gpio_ex.o
LOAD ./Drivers/STM32F1xx_HAL_Driver/Src/stm32f1xx_hal_pwr.o
LOAD ./Drivers/STM32F1xx_HAL_Driver/Src/stm32f1xx_hal_rcc.o
LOAD ./Drivers/STM32F1xx_HAL_Driver/Src/stm32f1xx_hal_rcc_ex.o
LOAD ./Drivers/STM32F1xx_HAL_Driver/Src/stm32f1xx_hal_spi.o
LOAD ./Drivers/STM32F1xx_HAL_Driver/Src/stm32f1xx_hal_tim.o
LOAD ./Drivers/STM32F1xx_HAL_Driver/Src/stm32f1xx_hal_tim_ex.o
LOAD ./Drivers/STM32F1xx_HAL_Driver/Src/stm32f1xx_hal_uart.o
START GROUP
LOAD /opt/st/stm32cubeide_1.15.0/plugins/com.st.stm32cube.ide.mcu.externaltools.gnu-tools-for-stm32.12.3.rel1.linux64_1.0.100.202403111256/tools/bin/../lib/gcc/arm-none-eabi/12.3.1/../../../../arm-none-eabi/lib/thumb/v7-m/nofp/libc_nano.a
LOAD /opt/st/stm32cubeide_1.15.0/plugins/com.st.stm32cube.ide.mcu.externaltools.gnu-tools-for-stm32.12.3.rel1.linux64_1.0.100.202403111256/tools/bin/../lib/gcc/arm-none-eabi/12.3.1/../../../../arm-none-eabi/lib/thumb/v7-m/nofp/libm.a
END GROUP
START GROUP
LOAD /opt/st/stm32cubeide_1.15.0/plugins/com.st.stm32cube.ide.mcu.externaltools.gnu-tools-for-stm32.12.3.rel1.linux64_1.0.100.202403111256/tools/bin/../lib/gcc/arm-none-eabi/12.3.1/thumb/v7-m/nofp/libgcc.a
LOAD /opt/st/stm32cubeide_1.15.0/plugins/com.st.stm32cube.ide.mcu.externaltools.gnu-tools-for-stm32.12.3.rel1.linux64_1.0.100.202403111256/tools/bin/../lib/gcc/arm-none-eabi/12.3.1/../../../../arm-none-eabi/lib/thumb/v7-m/nofp/libc_nano.a
END GROUP
START GROUP
LOAD /opt/st/stm32cubeide_1.15.0/plugins/com.st.stm32cube.ide.mcu.externaltools.gnu-tools-for-stm32.12.3.rel1.linux64_1.0.100.202403111256/tools/bin/../lib/gcc/arm-none-eabi/12.3.1/thumb/v7-m/nofp/libgcc.a
LOAD /opt/st/stm32cubeide_1.15.0/plugins/com.st.stm32cube.ide.mcu.externaltools.gnu-tools-for-stm32.12.3.rel1.linux64_1.0.100.202403111256/tools/bin/../lib/gcc/arm-none-eabi/12.3.1/../../../../arm-none-eabi/lib/thumb/v7-m/nofp/libc_nano.a
LOAD /opt/st/stm32cubeide_1.15.0/plugins/com.st.stm32cube.ide.mcu.externaltools.gnu-tools-for-stm32.12.3.rel1.linux64_1.0.100.202403111256/tools/bin/../lib/gcc/arm-none-eabi/12.3.1/../../../../arm-none-eabi/lib/thumb/v7-m/nofp/libnosys.a
END GROUP
START GROUP
LOAD /opt/st/stm32cubeide_1.15.0/plugins/com.st.stm32cube.ide.mcu.externaltools.gnu-tools-for-stm32.12.3.rel1.linux64_1.0.100.202403111256/tools/bin/../lib/gcc/arm-none-eabi/12.3.1/thumb/v7-m/nofp/libgcc.a
LOAD /opt/st/stm32cubeide_1.15.0/plugins/com.st.stm32cube.ide.mcu.externaltools.gnu-tools-for-stm32.12.3.rel1.linux64_1.0.100.202403111256/tools/bin/../lib/gcc/arm-none-eabi/12.3.1/../../../../arm-none-eabi/lib/thumb/v7-m/nofp/libc_nano.a
LOAD /opt/st/stm32cubeide_1.15.0/plugins/com.st.stm32cube.ide.mcu.externaltools.gnu-tools-for-stm32.12.3.rel1.linux64_1.0.100.202403111256/tools/bin/../lib/gcc/arm-none-eabi/12.3.1/../../../../arm-none-eabi/lib/thumb/v7-m/nofp/libnosys.a
END GROUP
LOAD /opt/st/stm32cubeide_1.15.0/plugins/com.st.stm32cube.ide.mcu.externaltools.gnu-tools-for-stm32.12.3.rel1.linux64_1.0.100.202403111256/tools/bin/../lib/gcc/arm-none-eabi/12.3.1/thumb/v7-m/nofp/crtend.o
LOAD /opt/st/stm32cubeide_1.15.0/plugins/com.st.stm32cube.ide.mcu.externaltools.gnu-tools-for-stm32.12.3.rel1.linux64_1.0.100.202403111256/tools/bin/../lib/gcc/arm-none-eabi/12.3.1/thumb/v7-m/nofp/crtn.o
                0x20005000                        _estack = (ORIGIN (RAM) + LENGTH (RAM))
                0x00000200                        _Min_Heap_Size = 0x200
                0x00000400                        _Min_Stack_Size = 0x400

.isr_vector     0x08000000      0x10c
                0x08000000                        . = ALIGN (0x4)
 *(.isr_vector)
 .isr_vector    0x08000000      0x10c ./Core/Startup/startup_stm32f103c8tx.o
                0x08000000                g_pfnVectors
                0x0800010c                        . = ALIGN (0x4)

.text           0x08000110     0x9104
                0x08000110                        . = ALIGN (0x4)
 *(.text)
 .text          0x08000110       0x40 /opt/st/stm32cubeide_1.15.0/plugins/com.st.stm32cube.ide.mcu.externaltools.gnu-tools-for-stm32.12.3.rel1.linux64_1.0.100.202403111256/tools/bin/../lib/gcc/arm-none-eabi/12.3.1/thumb/v7-m/nofp/crtbegin.o
 .text          0x08000150       0x10 /opt/st/stm32cubeide_1.15.0/plugins/com.st.stm32cube.ide.mcu.externaltools.gnu-tools-for-stm32.12.3.rel1.linux64_1.0.100.202403111256/tools/bin/../lib/gcc/arm-none-eabi/12.3.1/../../../../arm-none-eabi/lib/thumb/v7-m/nofp/libc_nano.a(libc_a-strlen.o)
                0x08000150                strlen
 .text          0x08000160      0x378 /opt/st/stm32cubeide_1.15.0/plugins/com.st.stm32cube.ide.mcu.externaltools.gnu-tools-for-stm32.12.3.rel1.linux64_1.0.100.202403111256/tools/bin/../lib/gcc/arm-none-eabi/12.3.1/thumb/v7-m/nofp/libgcc.a(_arm_addsubdf3.o)
                0x08000160                __aeabi_drsub
                0x08000168                __aeabi_dsub
                0x08000168                __subdf3
                0x0800016c                __adddf3
                0x0800016c                __aeabi_dadd
                0x080003e4                __aeabi_ui2d
                0x080003e4                __floatunsidf
                0x08000404                __floatsidf
                0x08000404                __aeabi_i2d
                0x08000428                __extendsfdf2
                0x08000428                __aeabi_f2d
                0x0800046c                __aeabi_ul2d
                0x0800046c                __floatundidf
                0x0800047c                __floatdidf
                0x0800047c                __aeabi_l2d
 .text          0x080004d8      0x424 /opt/st/stm32cubeide_1.15.0/plugins/com.st.stm32cube.ide.mcu.externaltools.gnu-tools-for-stm32.12.3.rel1.linux64_1.0.100.202403111256/tools/bin/../lib/gcc/arm-none-eabi/12.3.1/thumb/v7-m/nofp/libgcc.a(_arm_muldivdf3.o)
                0x080004d8                __aeabi_dmul
                0x080004d8                __muldf3
                0x0800072c                __aeabi_ddiv
                0x0800072c                __divdf3
 .text          0x080008fc      0x110 /opt/st/stm32cubeide_1.15.0/plugins/com.st.stm32cube.ide.mcu.externaltools.gnu-tools-for-stm32.12.3.rel1.linux64_1.0.100.202403111256/tools/bin/../lib/gcc/arm-none-eabi/12.3.1/thumb/v7-m/nofp/libgcc.a(_arm_cmpdf2.o)
                0x080008fc                __gtdf2
                0x080008fc                __gedf2
                0x08000904                __ltdf2
                0x08000904                __ledf2
                0x0800090c                __cmpdf2
                0x0800090c                __eqdf2
                0x0800090c                __nedf2
                0x08000988                __aeabi_cdrcmple
                0x08000998                __aeabi_cdcmple
                0x08000998                __aeabi_cdcmpeq
                0x080009a8                __aeabi_dcmpeq
                0x080009bc                __aeabi_dcmplt
                0x080009d0                __aeabi_dcmple
                0x080009e4                __aeabi_dcmpge
                0x080009f8                __aeabi_dcmpgt
 .text          0x08000a0c      0x21c /opt/st/stm32cubeide_1.15.0/plugins/com.st.stm32cube.ide.mcu.externaltools.gnu-tools-for-stm32.12.3.rel1.linux64_1.0.100.202403111256/tools/bin/../lib/gcc/arm-none-eabi/12.3.1/thumb/v7-m/nofp/libgcc.a(_arm_addsubsf3.o)
                0x08000a0c                __aeabi_frsub
                0x08000a14                __subsf3
                0x08000a14                __aeabi_fsub
                0x08000a18                __aeabi_fadd
                0x08000a18                __addsf3
                0x08000b78                __aeabi_ui2f
                0x08000b78                __floatunsisf
                0x08000b80                __aeabi_i2f
                0x08000b80                __floatsisf
                0x08000b9c                __floatundisf
                0x08000b9c                __aeabi_ul2f
                0x08000bac                __floatdisf
                0x08000bac                __aeabi_l2f
 .text          0x08000c28      0x2a0 /opt/st/stm32cubeide_1.15.0/plugins/com.st.stm32cube.ide.mcu.externaltools.gnu-tools-for-stm32.12.3.rel1.linux64_1.0.100.202403111256/tools/bin/../lib/gcc/arm-none-eabi/12.3.1/thumb/v7-m/nofp/libgcc.a(_arm_muldivsf3.o)
                0x08000c28                __mulsf3
                0x08000c28                __aeabi_fmul
                0x08000d90                __divsf3
                0x08000d90                __aeabi_fdiv
 .text          0x08000ec8       0x4c /opt/st/stm32cubeide_1.15.0/plugins/com.st.stm32cube.ide.mcu.externaltools.gnu-tools-for-stm32.12.3.rel1.linux64_1.0.100.202403111256/tools/bin/../lib/gcc/arm-none-eabi/12.3.1/thumb/v7-m/nofp/libgcc.a(_arm_fixsfsi.o)
                0x08000ec8                __fixsfsi
                0x08000ec8                __aeabi_f2iz
 .text          0x08000f14       0x30 /opt/st/stm32cubeide_1.15.0/plugins/com.st.stm32cube.ide.mcu.externaltools.gnu-tools-for-stm32.12.3.rel1.linux64_1.0.100.202403111256/tools/bin/../lib/gcc/arm-none-eabi/12.3.1/thumb/v7-m/nofp/libgcc.a(_fixdfdi.o)
                0x08000f14                __aeabi_d2lz
                0x08000f14                __fixdfdi
 .text          0x08000f44       0x3c /opt/st/stm32cubeide_1.15.0/plugins/com.st.stm32cube.ide.mcu.externaltools.gnu-tools-for-stm32.12.3.rel1.linux64_1.0.100.202403111256/tools/bin/../lib/gcc/arm-none-eabi/12.3.1/thumb/v7-m/nofp/libgcc.a(_fixunsdfdi.o)
                0x08000f44                __aeabi_d2ulz
                0x08000f44                __fixunsdfdi
 .text          0x08000f80       0x40 /opt/st/stm32cubeide_1.15.0/plugins/com.st.stm32cube.ide.mcu.externaltools.gnu-tools-for-stm32.12.3.rel1.linux64_1.0.100.202403111256/tools/bin/../lib/gcc/arm-none-eabi/12.3.1/thumb/v7-m/nofp/libgcc.a(_arm_fixunsdfsi.o)
                0x08000f80                __fixunsdfsi
                0x08000f80                __aeabi_d2uiz
 *(.text*)
 .text.hmi_recv
                0x08000fc0      0x2c4 ./Core/Src/Application.o
                0x08000fc0                hmi_recv
 .text.dwt_structs_init
                0x08001284       0x5c ./Core/Src/Application.o
                0x08001284                dwt_structs_init
 .text.dwt_xfer3000.constprop.0
                0x080012e0       0x84 ./Core/Src/deca_device.o
 .text.dwt_xfer3000.constprop.1
                0x08001364       0xe0 ./Core/Src/deca_device.o
 .text._dwt_prog_ldo_and_bias_tune
                0x08001444       0x64 ./Core/Src/deca_device.o
 .text._dwt_otpread
                0x080014a8      0x10c ./Core/Src/deca_device.o
 .text.dwt_read32bitoffsetreg
                0x080015b4       0xd4 ./Core/Src/deca_device.o
                0x080015b4                dwt_read32bitoffsetreg
 .text.dwt_write32bitoffsetreg
                0x08001688       0x64 ./Core/Src/deca_device.o
                0x08001688                dwt_write32bitoffsetreg
 .text.dwt_initialise
                0x080016ec      0x1b8 ./Core/Src/deca_device.o
                0x080016ec                dwt_initialise
 .text.dwt_setfinegraintxseq
                0x080018a4       0x60 ./Core/Src/deca_device.o
                0x080018a4                dwt_setfinegraintxseq
 .text.dwt_setlnapamode
                0x08001904       0xe0 ./Core/Src/deca_device.o
                0x08001904                dwt_setlnapamode
 .text.dwt_configmrxlut
                0x080019e4      0x1d0 ./Core/Src/deca_device.o
                0x080019e4                dwt_configmrxlut
 .text.dwt_run_pgfcal
                0x08001bb4      0x2a0 ./Core/Src/deca_device.o
                0x08001bb4                dwt_run_pgfcal
 .text.dwt_pgf_cal
                0x08001e54       0xd8 ./Core/Src/deca_device.o
                0x08001e54                dwt_pgf_cal
 .text.dwt_configure
                0x08001f2c      0x810 ./Core/Src/deca_device.o
                0x08001f2c                dwt_configure
 .text.dwt_setrxantennadelay
                0x0800273c       0x34 ./Core/Src/deca_device.o
                0x0800273c                dwt_setrxantennadelay
 .text.dwt_settxantennadelay
                0x08002770       0x34 ./Core/Src/deca_device.o
                0x08002770                dwt_settxantennadelay
 .text.dwt_writetxdata
                0x080027a4       0xb8 ./Core/Src/deca_device.o
                0x080027a4                dwt_writetxdata
 .text.dwt_writetxfctrl
                0x0800285c       0xd4 ./Core/Src/deca_device.o
                0x0800285c                dwt_writetxfctrl
 .text.dwt_readrxdata
                0x08002930      0x110 ./Core/Src/deca_device.o
                0x08002930                dwt_readrxdata
 .text.dwt_readclockoffset
                0x08002a40      0x13c ./Core/Src/deca_device.o
                0x08002a40                dwt_readclockoffset
 .text.dwt_readtxtimestamp
                0x08002b7c       0x88 ./Core/Src/deca_device.o
                0x08002b7c                dwt_readtxtimestamp
 .text.dwt_readrxtimestamp
                0x08002c04      0x144 ./Core/Src/deca_device.o
                0x08002c04                dwt_readrxtimestamp
 .text.dwt_setrxaftertxdelay
                0x08002d48       0xd0 ./Core/Src/deca_device.o
                0x08002d48                dwt_setrxaftertxdelay
 .text.dwt_checkidlerc
                0x08002e18       0x88 ./Core/Src/deca_device.o
                0x08002e18                dwt_checkidlerc
 .text.dwt_setleds
                0x08002ea0      0x114 ./Core/Src/deca_device.o
                0x08002ea0                dwt_setleds
 .text.dwt_setdelayedtrxtime
                0x08002fb4       0x34 ./Core/Src/deca_device.o
                0x08002fb4                dwt_setdelayedtrxtime
 .text.dwt_starttx
                0x08002fe8      0x254 ./Core/Src/deca_device.o
                0x08002fe8                dwt_starttx
 .text.dwt_rxenable
                0x0800323c      0x130 ./Core/Src/deca_device.o
                0x0800323c                dwt_rxenable
 .text.dwt_setrxtimeout
                0x0800336c       0x78 ./Core/Src/deca_device.o
                0x0800336c                dwt_setrxtimeout
 .text.dwt_setpreambledetecttimeout
                0x080033e4       0x34 ./Core/Src/deca_device.o
                0x080033e4                dwt_setpreambledetecttimeout
 .text.dwt_calcbandwidthadj
                0x08003418      0x2d0 ./Core/Src/deca_device.o
                0x08003418                dwt_calcbandwidthadj
 .text.dwt_configuretxrf
                0x080036e8       0xdc ./Core/Src/deca_device.o
                0x080036e8                dwt_configuretxrf
 .text.ds_twr_initiator_init
                0x080037c4      0x124 ./Core/Src/ds_twr_initiator.o
                0x080037c4                ds_twr_initiator_init
 .text.ds_twr_initiator
                0x080038e8      0x48c ./Core/Src/ds_twr_initiator.o
                0x080038e8                ds_twr_initiator
 .text.ds_twr_responder_init
                0x08003d74       0xec ./Core/Src/ds_twr_responder.o
                0x08003d74                ds_twr_responder_init
 .text.ds_twr_responder
                0x08003e60      0x544 ./Core/Src/ds_twr_responder.o
                0x08003e60                ds_twr_responder
 .text.HMISends
                0x080043a4       0x20 ./Core/Src/hmi_uart.o
                0x080043a4                HMISends
 .text.HAL_UART_RxCpltCallback
                0x080043c4       0x4c ./Core/Src/hmi_uart.o
                0x080043c4                HAL_UART_RxCpltCallback
 .text.key_scan
                0x08004410       0x50 ./Core/Src/key.o
                0x08004410                key_scan
 .text.SystemClock_Config
                0x08004460       0x68 ./Core/Src/main.o
                0x08004460                SystemClock_Config
 .text.startup.main
                0x080044c8      0x1fc ./Core/Src/main.o
                0x080044c8                main
 .text.page_opts_sethighlight
                0x080046c4      0x4b4 ./Core/Src/menu.o
                0x080046c4                page_opts_sethighlight
 .text.menu_key_options
                0x08004b78      0x1c0 ./Core/Src/menu.o
                0x08004b78                menu_key_options
 .text.longtxchoose_key_options
                0x08004d38      0x108 ./Core/Src/menu.o
                0x08004d38                longtxchoose_key_options
 .text.simgletxchoose_key_options
                0x08004e40      0x108 ./Core/Src/menu.o
                0x08004e40                simgletxchoose_key_options
 .text.rangingchoose_key_options
                0x08004f48      0x108 ./Core/Src/menu.o
                0x08004f48                rangingchoose_key_options
 .text.locationchoose_key_options
                0x08005050      0x108 ./Core/Src/menu.o
                0x08005050                locationchoose_key_options
 .text.loca_id_choose_key_options
                0x08005158      0x180 ./Core/Src/menu.o
                0x08005158                loca_id_choose_key_options
 .text.setting_key_options
                0x080052d8       0xe0 ./Core/Src/menu.o
                0x080052d8                setting_key_options
 .text.about_key_options
                0x080053b8       0xa0 ./Core/Src/menu.o
                0x080053b8                about_key_options
 .text.key_options
                0x08005458       0xc4 ./Core/Src/menu.o
                0x08005458                key_options
 .text.resp_msg_get_ts
                0x0800551c       0x24 ./Core/Src/shared_functions.o
                0x0800551c                resp_msg_get_ts
 .text.get_tx_timestamp_u64
                0x08005540       0x38 ./Core/Src/shared_functions.o
                0x08005540                get_tx_timestamp_u64
 .text.get_rx_timestamp_u64
                0x08005578       0x38 ./Core/Src/shared_functions.o
                0x08005578                get_rx_timestamp_u64
 .text.final_msg_get_ts
                0x080055b0       0x24 ./Core/Src/shared_functions.o
                0x080055b0                final_msg_get_ts
 .text.final_msg_set_ts
                0x080055d4        0x4 ./Core/Src/shared_functions.o
                0x080055d4                final_msg_set_ts
 .text.resp_msg_set_ts
                0x080055d8        0x4 ./Core/Src/shared_functions.o
                0x080055d8                resp_msg_set_ts
 .text.simple_rx_init
                0x080055dc       0xd0 ./Core/Src/simple_rx.o
                0x080055dc                simple_rx_init
 .text.simple_rx
                0x080056ac      0x13c ./Core/Src/simple_rx.o
                0x080056ac                simple_rx
 .text.simple_tx_init
                0x080057e8       0xd8 ./Core/Src/simple_tx.o
                0x080057e8                simple_tx_init
 .text.simple_tx
                0x080058c0       0xdc ./Core/Src/simple_tx.o
                0x080058c0                simple_tx
 .text.HAL_MspInit
                0x0800599c       0x44 ./Core/Src/stm32f1xx_hal_msp.o
                0x0800599c                HAL_MspInit
 .text.HAL_SPI_MspInit
                0x080059e0       0xd8 ./Core/Src/stm32f1xx_hal_msp.o
                0x080059e0                HAL_SPI_MspInit
 .text.HAL_TIM_Base_MspInit
                0x08005ab8       0x40 ./Core/Src/stm32f1xx_hal_msp.o
                0x08005ab8                HAL_TIM_Base_MspInit
 .text.HAL_UART_MspInit
                0x08005af8       0x88 ./Core/Src/stm32f1xx_hal_msp.o
                0x08005af8                HAL_UART_MspInit
 .text.NMI_Handler
                0x08005b80        0x4 ./Core/Src/stm32f1xx_it.o
                0x08005b80                NMI_Handler
 .text.HardFault_Handler
                0x08005b84        0x4 ./Core/Src/stm32f1xx_it.o
                0x08005b84                HardFault_Handler
 .text.MemManage_Handler
                0x08005b88        0x4 ./Core/Src/stm32f1xx_it.o
                0x08005b88                MemManage_Handler
 .text.BusFault_Handler
                0x08005b8c        0x4 ./Core/Src/stm32f1xx_it.o
                0x08005b8c                BusFault_Handler
 .text.UsageFault_Handler
                0x08005b90        0x4 ./Core/Src/stm32f1xx_it.o
                0x08005b90                UsageFault_Handler
 .text.SVC_Handler
                0x08005b94        0x4 ./Core/Src/stm32f1xx_it.o
                0x08005b94                SVC_Handler
 .text.DebugMon_Handler
                0x08005b98        0x4 ./Core/Src/stm32f1xx_it.o
                0x08005b98                DebugMon_Handler
 .text.PendSV_Handler
                0x08005b9c        0x4 ./Core/Src/stm32f1xx_it.o
                0x08005b9c                PendSV_Handler
 .text.SysTick_Handler
                0x08005ba0       0x10 ./Core/Src/stm32f1xx_it.o
                0x08005ba0                SysTick_Handler
 .text.TIM4_IRQHandler
                0x08005bb0        0xc ./Core/Src/stm32f1xx_it.o
                0x08005bb0                TIM4_IRQHandler
 .text.USART1_IRQHandler
                0x08005bbc        0xc ./Core/Src/stm32f1xx_it.o
                0x08005bbc                USART1_IRQHandler
 .text.HAL_TIM_PeriodElapsedCallback
                0x08005bc8       0x68 ./Core/Src/stm32f1xx_it.o
                0x08005bc8                HAL_TIM_PeriodElapsedCallback
 .text._getpid  0x08005c30        0x4 ./Core/Src/syscalls.o
                0x08005c30                _getpid
 .text._kill    0x08005c34       0x14 ./Core/Src/syscalls.o
                0x08005c34                _kill
 .text._exit    0x08005c48        0xc ./Core/Src/syscalls.o
                0x08005c48                _exit
 .text._read    0x08005c54       0x1c ./Core/Src/syscalls.o
                0x08005c54                _read
 .text._write   0x08005c70       0x1c ./Core/Src/syscalls.o
                0x08005c70                _write
 .text._close   0x08005c8c        0x8 ./Core/Src/syscalls.o
                0x08005c8c                _close
 .text._fstat   0x08005c94        0xc ./Core/Src/syscalls.o
                0x08005c94                _fstat
 .text._isatty  0x08005ca0        0x4 ./Core/Src/syscalls.o
                0x08005ca0                _isatty
 .text._lseek   0x08005ca4        0x4 ./Core/Src/syscalls.o
                0x08005ca4                _lseek
 .text._sbrk    0x08005ca8       0x48 ./Core/Src/sysmem.o
                0x08005ca8                _sbrk
 .text.SystemInit
                0x08005cf0        0x4 ./Core/Src/system_stm32f1xx.o
                0x08005cf0                SystemInit
 .text.Sleep    0x08005cf4       0x14 ./Core/Src/uwb.o
                0x08005cf4                Sleep
 .text.deca_usleep
                0x08005d08       0x14 ./Core/Src/uwb.o
                0x08005d08                deca_usleep
 .text.reset_DWIC
                0x08005d1c       0xc8 ./Core/Src/uwb.o
                0x08005d1c                reset_DWIC
 .text.writetospi_serial
                0x08005de4       0xb0 ./Core/Src/uwb.o
                0x08005de4                writetospi_serial
 .text.readfromspi_serial
                0x08005e94       0x98 ./Core/Src/uwb.o
                0x08005e94                readfromspi_serial
 .text.Reset_Handler
                0x08005f2c       0x48 ./Core/Startup/startup_stm32f103c8tx.o
                0x08005f2c                Reset_Handler
 .text.Default_Handler
                0x08005f74        0x2 ./Core/Startup/startup_stm32f103c8tx.o
                0x08005f74                RTC_Alarm_IRQHandler
                0x08005f74                EXTI2_IRQHandler
                0x08005f74                TIM1_CC_IRQHandler
                0x08005f74                PVD_IRQHandler
                0x08005f74                EXTI3_IRQHandler
                0x08005f74                EXTI0_IRQHandler
                0x08005f74                I2C2_EV_IRQHandler
                0x08005f74                ADC1_2_IRQHandler
                0x08005f74                SPI1_IRQHandler
                0x08005f74                TAMPER_IRQHandler
                0x08005f74                DMA1_Channel4_IRQHandler
                0x08005f74                USART3_IRQHandler
                0x08005f74                RTC_IRQHandler
                0x08005f74                DMA1_Channel7_IRQHandler
                0x08005f74                CAN1_RX1_IRQHandler
                0x08005f74                I2C1_EV_IRQHandler
                0x08005f74                DMA1_Channel6_IRQHandler
                0x08005f74                TIM3_IRQHandler
                0x08005f74                RCC_IRQHandler
                0x08005f74                TIM1_TRG_COM_IRQHandler
                0x08005f74                DMA1_Channel1_IRQHandler
                0x08005f74                Default_Handler
                0x08005f74                EXTI15_10_IRQHandler
                0x08005f74                EXTI9_5_IRQHandler
                0x08005f74                SPI2_IRQHandler
                0x08005f74                DMA1_Channel5_IRQHandler
                0x08005f74                EXTI4_IRQHandler
                0x08005f74                USB_LP_CAN1_RX0_IRQHandler
                0x08005f74                USB_HP_CAN1_TX_IRQHandler
                0x08005f74                DMA1_Channel3_IRQHandler
                0x08005f74                TIM1_UP_IRQHandler
                0x08005f74                WWDG_IRQHandler
                0x08005f74                TIM2_IRQHandler
                0x08005f74                TIM1_BRK_IRQHandler
                0x08005f74                EXTI1_IRQHandler
                0x08005f74                USART2_IRQHandler
                0x08005f74                I2C2_ER_IRQHandler
                0x08005f74                DMA1_Channel2_IRQHandler
                0x08005f74                CAN1_SCE_IRQHandler
                0x08005f74                FLASH_IRQHandler
                0x08005f74                I2C1_ER_IRQHandler
                0x08005f74                USBWakeUp_IRQHandler
 *fill*         0x08005f76        0x2 
 .text.HAL_MspDeInit
                0x08005f78        0x4 ./Drivers/STM32F1xx_HAL_Driver/Src/stm32f1xx_hal.o
                0x08005f78                HAL_MspDeInit
 .text.HAL_DeInit
                0x08005f7c       0x20 ./Drivers/STM32F1xx_HAL_Driver/Src/stm32f1xx_hal.o
                0x08005f7c                HAL_DeInit
 .text.HAL_InitTick
                0x08005f9c       0x48 ./Drivers/STM32F1xx_HAL_Driver/Src/stm32f1xx_hal.o
                0x08005f9c                HAL_InitTick
 .text.HAL_Init
                0x08005fe4       0x24 ./Drivers/STM32F1xx_HAL_Driver/Src/stm32f1xx_hal.o
                0x08005fe4                HAL_Init
 .text.HAL_IncTick
                0x08006008       0x18 ./Drivers/STM32F1xx_HAL_Driver/Src/stm32f1xx_hal.o
                0x08006008                HAL_IncTick
 .text.HAL_GetTick
                0x08006020        0xc ./Drivers/STM32F1xx_HAL_Driver/Src/stm32f1xx_hal.o
                0x08006020                HAL_GetTick
 .text.HAL_NVIC_SetPriorityGrouping
                0x0800602c       0x24 ./Drivers/STM32F1xx_HAL_Driver/Src/stm32f1xx_hal_cortex.o
                0x0800602c                HAL_NVIC_SetPriorityGrouping
 .text.HAL_NVIC_SetPriority
                0x08006050       0x78 ./Drivers/STM32F1xx_HAL_Driver/Src/stm32f1xx_hal_cortex.o
                0x08006050                HAL_NVIC_SetPriority
 .text.HAL_NVIC_EnableIRQ
                0x080060c8       0x1c ./Drivers/STM32F1xx_HAL_Driver/Src/stm32f1xx_hal_cortex.o
                0x080060c8                HAL_NVIC_EnableIRQ
 .text.HAL_SYSTICK_Config
                0x080060e4       0x30 ./Drivers/STM32F1xx_HAL_Driver/Src/stm32f1xx_hal_cortex.o
                0x080060e4                HAL_SYSTICK_Config
 .text.HAL_DMA_Abort
                0x08006114       0x48 ./Drivers/STM32F1xx_HAL_Driver/Src/stm32f1xx_hal_dma.o
                0x08006114                HAL_DMA_Abort
 .text.HAL_DMA_Abort_IT
                0x0800615c       0x94 ./Drivers/STM32F1xx_HAL_Driver/Src/stm32f1xx_hal_dma.o
                0x0800615c                HAL_DMA_Abort_IT
 .text.HAL_GPIO_Init
                0x080061f0      0x238 ./Drivers/STM32F1xx_HAL_Driver/Src/stm32f1xx_hal_gpio.o
                0x080061f0                HAL_GPIO_Init
 .text.HAL_GPIO_DeInit
                0x08006428      0x120 ./Drivers/STM32F1xx_HAL_Driver/Src/stm32f1xx_hal_gpio.o
                0x08006428                HAL_GPIO_DeInit
 .text.HAL_GPIO_WritePin
                0x08006548        0x8 ./Drivers/STM32F1xx_HAL_Driver/Src/stm32f1xx_hal_gpio.o
                0x08006548                HAL_GPIO_WritePin
 .text.HAL_RCC_DeInit
                0x08006550       0xe0 ./Drivers/STM32F1xx_HAL_Driver/Src/stm32f1xx_hal_rcc.o
                0x08006550                HAL_RCC_DeInit
 .text.HAL_RCC_OscConfig
                0x08006630      0x3dc ./Drivers/STM32F1xx_HAL_Driver/Src/stm32f1xx_hal_rcc.o
                0x08006630                HAL_RCC_OscConfig
 .text.HAL_RCC_ClockConfig
                0x08006a0c      0x19c ./Drivers/STM32F1xx_HAL_Driver/Src/stm32f1xx_hal_rcc.o
                0x08006a0c                HAL_RCC_ClockConfig
 .text.HAL_RCC_GetPCLK1Freq
                0x08006ba8       0x20 ./Drivers/STM32F1xx_HAL_Driver/Src/stm32f1xx_hal_rcc.o
                0x08006ba8                HAL_RCC_GetPCLK1Freq
 .text.HAL_RCC_GetPCLK2Freq
                0x08006bc8       0x20 ./Drivers/STM32F1xx_HAL_Driver/Src/stm32f1xx_hal_rcc.o
                0x08006bc8                HAL_RCC_GetPCLK2Freq
 .text.SPI_WaitFlagStateUntilTimeout.constprop.1
                0x08006be8       0xc0 ./Drivers/STM32F1xx_HAL_Driver/Src/stm32f1xx_hal_spi.o
 .text.HAL_SPI_Init
                0x08006ca8       0xbc ./Drivers/STM32F1xx_HAL_Driver/Src/stm32f1xx_hal_spi.o
                0x08006ca8                HAL_SPI_Init
 .text.HAL_SPI_Transmit
                0x08006d64      0x21c ./Drivers/STM32F1xx_HAL_Driver/Src/stm32f1xx_hal_spi.o
                0x08006d64                HAL_SPI_Transmit
 .text.HAL_SPI_TransmitReceive
                0x08006f80      0x268 ./Drivers/STM32F1xx_HAL_Driver/Src/stm32f1xx_hal_spi.o
                0x08006f80                HAL_SPI_TransmitReceive
 .text.HAL_SPI_Receive
                0x080071e8      0x218 ./Drivers/STM32F1xx_HAL_Driver/Src/stm32f1xx_hal_spi.o
                0x080071e8                HAL_SPI_Receive
 .text.HAL_TIM_Base_Init
                0x08007400       0xd0 ./Drivers/STM32F1xx_HAL_Driver/Src/stm32f1xx_hal_tim.o
                0x08007400                HAL_TIM_Base_Init
 .text.HAL_TIM_Base_Start_IT
                0x080074d0       0x54 ./Drivers/STM32F1xx_HAL_Driver/Src/stm32f1xx_hal_tim.o
                0x080074d0                HAL_TIM_Base_Start_IT
 .text.HAL_TIM_ConfigClockSource
                0x08007524      0x154 ./Drivers/STM32F1xx_HAL_Driver/Src/stm32f1xx_hal_tim.o
                0x08007524                HAL_TIM_ConfigClockSource
 .text.HAL_TIM_OC_DelayElapsedCallback
                0x08007678        0x4 ./Drivers/STM32F1xx_HAL_Driver/Src/stm32f1xx_hal_tim.o
                0x08007678                HAL_TIM_OC_DelayElapsedCallback
 .text.HAL_TIM_IC_CaptureCallback
                0x0800767c        0x4 ./Drivers/STM32F1xx_HAL_Driver/Src/stm32f1xx_hal_tim.o
                0x0800767c                HAL_TIM_IC_CaptureCallback
 .text.HAL_TIM_PWM_PulseFinishedCallback
                0x08007680        0x4 ./Drivers/STM32F1xx_HAL_Driver/Src/stm32f1xx_hal_tim.o
                0x08007680                HAL_TIM_PWM_PulseFinishedCallback
 .text.HAL_TIM_TriggerCallback
                0x08007684        0x4 ./Drivers/STM32F1xx_HAL_Driver/Src/stm32f1xx_hal_tim.o
                0x08007684                HAL_TIM_TriggerCallback
 .text.HAL_TIM_IRQHandler
                0x08007688      0x154 ./Drivers/STM32F1xx_HAL_Driver/Src/stm32f1xx_hal_tim.o
                0x08007688                HAL_TIM_IRQHandler
 .text.HAL_TIMEx_MasterConfigSynchronization
                0x080077dc       0x64 ./Drivers/STM32F1xx_HAL_Driver/Src/stm32f1xx_hal_tim_ex.o
                0x080077dc                HAL_TIMEx_MasterConfigSynchronization
 .text.HAL_TIMEx_CommutCallback
                0x08007840        0x4 ./Drivers/STM32F1xx_HAL_Driver/Src/stm32f1xx_hal_tim_ex.o
                0x08007840                HAL_TIMEx_CommutCallback
 .text.HAL_TIMEx_BreakCallback
                0x08007844        0x4 ./Drivers/STM32F1xx_HAL_Driver/Src/stm32f1xx_hal_tim_ex.o
                0x08007844                HAL_TIMEx_BreakCallback
 .text.HAL_UART_Init
                0x08007848       0xdc ./Drivers/STM32F1xx_HAL_Driver/Src/stm32f1xx_hal_uart.o
                0x08007848                HAL_UART_Init
 .text.HAL_UART_Transmit
                0x08007924      0x148 ./Drivers/STM32F1xx_HAL_Driver/Src/stm32f1xx_hal_uart.o
                0x08007924                HAL_UART_Transmit
 .text.HAL_UART_Receive_IT
                0x08007a6c       0x50 ./Drivers/STM32F1xx_HAL_Driver/Src/stm32f1xx_hal_uart.o
                0x08007a6c                HAL_UART_Receive_IT
 .text.HAL_UART_TxCpltCallback
                0x08007abc        0x4 ./Drivers/STM32F1xx_HAL_Driver/Src/stm32f1xx_hal_uart.o
                0x08007abc                HAL_UART_TxCpltCallback
 .text.HAL_UART_ErrorCallback
                0x08007ac0        0x4 ./Drivers/STM32F1xx_HAL_Driver/Src/stm32f1xx_hal_uart.o
                0x08007ac0                HAL_UART_ErrorCallback
 .text.UART_DMAAbortOnError
                0x08007ac4       0x10 ./Drivers/STM32F1xx_HAL_Driver/Src/stm32f1xx_hal_uart.o
 .text.HAL_UARTEx_RxEventCallback
                0x08007ad4        0x4 ./Drivers/STM32F1xx_HAL_Driver/Src/stm32f1xx_hal_uart.o
                0x08007ad4                HAL_UARTEx_RxEventCallback
 .text.UART_Receive_IT.part.0.isra.0
                0x08007ad8       0xc0 ./Drivers/STM32F1xx_HAL_Driver/Src/stm32f1xx_hal_uart.o
 .text.HAL_UART_IRQHandler
                0x08007b98      0x354 ./Drivers/STM32F1xx_HAL_Driver/Src/stm32f1xx_hal_uart.o
                0x08007b98                HAL_UART_IRQHandler
 .text.__assert_func
                0x08007eec       0x3c /opt/st/stm32cubeide_1.15.0/plugins/com.st.stm32cube.ide.mcu.externaltools.gnu-tools-for-stm32.12.3.rel1.linux64_1.0.100.202403111256/tools/bin/../lib/gcc/arm-none-eabi/12.3.1/../../../../arm-none-eabi/lib/thumb/v7-m/nofp/libc_nano.a(libc_a-assert.o)
                0x08007eec                __assert_func
 .text.std      0x08007f28       0x6c /opt/st/stm32cubeide_1.15.0/plugins/com.st.stm32cube.ide.mcu.externaltools.gnu-tools-for-stm32.12.3.rel1.linux64_1.0.100.202403111256/tools/bin/../lib/gcc/arm-none-eabi/12.3.1/../../../../arm-none-eabi/lib/thumb/v7-m/nofp/libc_nano.a(libc_a-findfp.o)
 .text.stdio_exit_handler
                0x08007f94       0x18 /opt/st/stm32cubeide_1.15.0/plugins/com.st.stm32cube.ide.mcu.externaltools.gnu-tools-for-stm32.12.3.rel1.linux64_1.0.100.202403111256/tools/bin/../lib/gcc/arm-none-eabi/12.3.1/../../../../arm-none-eabi/lib/thumb/v7-m/nofp/libc_nano.a(libc_a-findfp.o)
 .text.cleanup_stdio
                0x08007fac       0x40 /opt/st/stm32cubeide_1.15.0/plugins/com.st.stm32cube.ide.mcu.externaltools.gnu-tools-for-stm32.12.3.rel1.linux64_1.0.100.202403111256/tools/bin/../lib/gcc/arm-none-eabi/12.3.1/../../../../arm-none-eabi/lib/thumb/v7-m/nofp/libc_nano.a(libc_a-findfp.o)
 .text.global_stdio_init.part.0
                0x08007fec       0x3c /opt/st/stm32cubeide_1.15.0/plugins/com.st.stm32cube.ide.mcu.externaltools.gnu-tools-for-stm32.12.3.rel1.linux64_1.0.100.202403111256/tools/bin/../lib/gcc/arm-none-eabi/12.3.1/../../../../arm-none-eabi/lib/thumb/v7-m/nofp/libc_nano.a(libc_a-findfp.o)
 .text.__sfp_lock_acquire
                0x08008028        0xc /opt/st/stm32cubeide_1.15.0/plugins/com.st.stm32cube.ide.mcu.externaltools.gnu-tools-for-stm32.12.3.rel1.linux64_1.0.100.202403111256/tools/bin/../lib/gcc/arm-none-eabi/12.3.1/../../../../arm-none-eabi/lib/thumb/v7-m/nofp/libc_nano.a(libc_a-findfp.o)
                0x08008028                __sfp_lock_acquire
 .text.__sfp_lock_release
                0x08008034        0xc /opt/st/stm32cubeide_1.15.0/plugins/com.st.stm32cube.ide.mcu.externaltools.gnu-tools-for-stm32.12.3.rel1.linux64_1.0.100.202403111256/tools/bin/../lib/gcc/arm-none-eabi/12.3.1/../../../../arm-none-eabi/lib/thumb/v7-m/nofp/libc_nano.a(libc_a-findfp.o)
                0x08008034                __sfp_lock_release
 .text.__sinit  0x08008040       0x30 /opt/st/stm32cubeide_1.15.0/plugins/com.st.stm32cube.ide.mcu.externaltools.gnu-tools-for-stm32.12.3.rel1.linux64_1.0.100.202403111256/tools/bin/../lib/gcc/arm-none-eabi/12.3.1/../../../../arm-none-eabi/lib/thumb/v7-m/nofp/libc_nano.a(libc_a-findfp.o)
                0x08008040                __sinit
 .text.fprintf  0x08008070       0x24 /opt/st/stm32cubeide_1.15.0/plugins/com.st.stm32cube.ide.mcu.externaltools.gnu-tools-for-stm32.12.3.rel1.linux64_1.0.100.202403111256/tools/bin/../lib/gcc/arm-none-eabi/12.3.1/../../../../arm-none-eabi/lib/thumb/v7-m/nofp/libc_nano.a(libc_a-fprintf.o)
                0x08008070                fprintf
                0x08008070                fiprintf
 .text._fwalk_sglue
                0x08008094       0x3c /opt/st/stm32cubeide_1.15.0/plugins/com.st.stm32cube.ide.mcu.externaltools.gnu-tools-for-stm32.12.3.rel1.linux64_1.0.100.202403111256/tools/bin/../lib/gcc/arm-none-eabi/12.3.1/../../../../arm-none-eabi/lib/thumb/v7-m/nofp/libc_nano.a(libc_a-fwalk.o)
                0x08008094                _fwalk_sglue
 .text.sprintf  0x080080d0       0x40 /opt/st/stm32cubeide_1.15.0/plugins/com.st.stm32cube.ide.mcu.externaltools.gnu-tools-for-stm32.12.3.rel1.linux64_1.0.100.202403111256/tools/bin/../lib/gcc/arm-none-eabi/12.3.1/../../../../arm-none-eabi/lib/thumb/v7-m/nofp/libc_nano.a(libc_a-sprintf.o)
                0x080080d0                sprintf
                0x080080d0                siprintf
 .text.__sread  0x08008110       0x22 /opt/st/stm32cubeide_1.15.0/plugins/com.st.stm32cube.ide.mcu.externaltools.gnu-tools-for-stm32.12.3.rel1.linux64_1.0.100.202403111256/tools/bin/../lib/gcc/arm-none-eabi/12.3.1/../../../../arm-none-eabi/lib/thumb/v7-m/nofp/libc_nano.a(libc_a-stdio.o)
                0x08008110                __sread
 .text.__swrite
                0x08008132       0x38 /opt/st/stm32cubeide_1.15.0/plugins/com.st.stm32cube.ide.mcu.externaltools.gnu-tools-for-stm32.12.3.rel1.linux64_1.0.100.202403111256/tools/bin/../lib/gcc/arm-none-eabi/12.3.1/../../../../arm-none-eabi/lib/thumb/v7-m/nofp/libc_nano.a(libc_a-stdio.o)
                0x08008132                __swrite
 .text.__sseek  0x0800816a       0x24 /opt/st/stm32cubeide_1.15.0/plugins/com.st.stm32cube.ide.mcu.externaltools.gnu-tools-for-stm32.12.3.rel1.linux64_1.0.100.202403111256/tools/bin/../lib/gcc/arm-none-eabi/12.3.1/../../../../arm-none-eabi/lib/thumb/v7-m/nofp/libc_nano.a(libc_a-stdio.o)
                0x0800816a                __sseek
 .text.__sclose
                0x0800818e        0x8 /opt/st/stm32cubeide_1.15.0/plugins/com.st.stm32cube.ide.mcu.externaltools.gnu-tools-for-stm32.12.3.rel1.linux64_1.0.100.202403111256/tools/bin/../lib/gcc/arm-none-eabi/12.3.1/../../../../arm-none-eabi/lib/thumb/v7-m/nofp/libc_nano.a(libc_a-stdio.o)
                0x0800818e                __sclose
 .text.memcmp   0x08008196       0x20 /opt/st/stm32cubeide_1.15.0/plugins/com.st.stm32cube.ide.mcu.externaltools.gnu-tools-for-stm32.12.3.rel1.linux64_1.0.100.202403111256/tools/bin/../lib/gcc/arm-none-eabi/12.3.1/../../../../arm-none-eabi/lib/thumb/v7-m/nofp/libc_nano.a(libc_a-memcmp.o)
                0x08008196                memcmp
 .text.memset   0x080081b6       0x10 /opt/st/stm32cubeide_1.15.0/plugins/com.st.stm32cube.ide.mcu.externaltools.gnu-tools-for-stm32.12.3.rel1.linux64_1.0.100.202403111256/tools/bin/../lib/gcc/arm-none-eabi/12.3.1/../../../../arm-none-eabi/lib/thumb/v7-m/nofp/libc_nano.a(libc_a-memset.o)
                0x080081b6                memset
 *fill*         0x080081c6        0x2 
 .text._close_r
                0x080081c8       0x20 /opt/st/stm32cubeide_1.15.0/plugins/com.st.stm32cube.ide.mcu.externaltools.gnu-tools-for-stm32.12.3.rel1.linux64_1.0.100.202403111256/tools/bin/../lib/gcc/arm-none-eabi/12.3.1/../../../../arm-none-eabi/lib/thumb/v7-m/nofp/libc_nano.a(libc_a-closer.o)
                0x080081c8                _close_r
 .text._lseek_r
                0x080081e8       0x24 /opt/st/stm32cubeide_1.15.0/plugins/com.st.stm32cube.ide.mcu.externaltools.gnu-tools-for-stm32.12.3.rel1.linux64_1.0.100.202403111256/tools/bin/../lib/gcc/arm-none-eabi/12.3.1/../../../../arm-none-eabi/lib/thumb/v7-m/nofp/libc_nano.a(libc_a-lseekr.o)
                0x080081e8                _lseek_r
 .text._read_r  0x0800820c       0x24 /opt/st/stm32cubeide_1.15.0/plugins/com.st.stm32cube.ide.mcu.externaltools.gnu-tools-for-stm32.12.3.rel1.linux64_1.0.100.202403111256/tools/bin/../lib/gcc/arm-none-eabi/12.3.1/../../../../arm-none-eabi/lib/thumb/v7-m/nofp/libc_nano.a(libc_a-readr.o)
                0x0800820c                _read_r
 .text._write_r
                0x08008230       0x24 /opt/st/stm32cubeide_1.15.0/plugins/com.st.stm32cube.ide.mcu.externaltools.gnu-tools-for-stm32.12.3.rel1.linux64_1.0.100.202403111256/tools/bin/../lib/gcc/arm-none-eabi/12.3.1/../../../../arm-none-eabi/lib/thumb/v7-m/nofp/libc_nano.a(libc_a-writer.o)
                0x08008230                _write_r
 .text.__errno  0x08008254        0xc /opt/st/stm32cubeide_1.15.0/plugins/com.st.stm32cube.ide.mcu.externaltools.gnu-tools-for-stm32.12.3.rel1.linux64_1.0.100.202403111256/tools/bin/../lib/gcc/arm-none-eabi/12.3.1/../../../../arm-none-eabi/lib/thumb/v7-m/nofp/libc_nano.a(libc_a-errno.o)
                0x08008254                __errno
 .text.__libc_init_array
                0x08008260       0x48 /opt/st/stm32cubeide_1.15.0/plugins/com.st.stm32cube.ide.mcu.externaltools.gnu-tools-for-stm32.12.3.rel1.linux64_1.0.100.202403111256/tools/bin/../lib/gcc/arm-none-eabi/12.3.1/../../../../arm-none-eabi/lib/thumb/v7-m/nofp/libc_nano.a(libc_a-init.o)
                0x08008260                __libc_init_array
 .text.__retarget_lock_init_recursive
                0x080082a8        0x2 /opt/st/stm32cubeide_1.15.0/plugins/com.st.stm32cube.ide.mcu.externaltools.gnu-tools-for-stm32.12.3.rel1.linux64_1.0.100.202403111256/tools/bin/../lib/gcc/arm-none-eabi/12.3.1/../../../../arm-none-eabi/lib/thumb/v7-m/nofp/libc_nano.a(libc_a-lock.o)
                0x080082a8                __retarget_lock_init_recursive
 .text.__retarget_lock_acquire_recursive
                0x080082aa        0x2 /opt/st/stm32cubeide_1.15.0/plugins/com.st.stm32cube.ide.mcu.externaltools.gnu-tools-for-stm32.12.3.rel1.linux64_1.0.100.202403111256/tools/bin/../lib/gcc/arm-none-eabi/12.3.1/../../../../arm-none-eabi/lib/thumb/v7-m/nofp/libc_nano.a(libc_a-lock.o)
                0x080082aa                __retarget_lock_acquire_recursive
 .text.__retarget_lock_release_recursive
                0x080082ac        0x2 /opt/st/stm32cubeide_1.15.0/plugins/com.st.stm32cube.ide.mcu.externaltools.gnu-tools-for-stm32.12.3.rel1.linux64_1.0.100.202403111256/tools/bin/../lib/gcc/arm-none-eabi/12.3.1/../../../../arm-none-eabi/lib/thumb/v7-m/nofp/libc_nano.a(libc_a-lock.o)
                0x080082ac                __retarget_lock_release_recursive
 .text.memcpy   0x080082ae       0x1c /opt/st/stm32cubeide_1.15.0/plugins/com.st.stm32cube.ide.mcu.externaltools.gnu-tools-for-stm32.12.3.rel1.linux64_1.0.100.202403111256/tools/bin/../lib/gcc/arm-none-eabi/12.3.1/../../../../arm-none-eabi/lib/thumb/v7-m/nofp/libc_nano.a(libc_a-memcpy-stub.o)
                0x080082ae                memcpy
 .text.abort    0x080082ca        0xe /opt/st/stm32cubeide_1.15.0/plugins/com.st.stm32cube.ide.mcu.externaltools.gnu-tools-for-stm32.12.3.rel1.linux64_1.0.100.202403111256/tools/bin/../lib/gcc/arm-none-eabi/12.3.1/../../../../arm-none-eabi/lib/thumb/v7-m/nofp/libc_nano.a(libc_a-abort.o)
                0x080082ca                abort
 .text._free_r  0x080082d8       0x90 /opt/st/stm32cubeide_1.15.0/plugins/com.st.stm32cube.ide.mcu.externaltools.gnu-tools-for-stm32.12.3.rel1.linux64_1.0.100.202403111256/tools/bin/../lib/gcc/arm-none-eabi/12.3.1/../../../../arm-none-eabi/lib/thumb/v7-m/nofp/libc_nano.a(libc_a-freer.o)
                0x080082d8                _free_r
 .text.sbrk_aligned
                0x08008368       0x44 /opt/st/stm32cubeide_1.15.0/plugins/com.st.stm32cube.ide.mcu.externaltools.gnu-tools-for-stm32.12.3.rel1.linux64_1.0.100.202403111256/tools/bin/../lib/gcc/arm-none-eabi/12.3.1/../../../../arm-none-eabi/lib/thumb/v7-m/nofp/libc_nano.a(libc_a-mallocr.o)
 .text._malloc_r
                0x080083ac      0x100 /opt/st/stm32cubeide_1.15.0/plugins/com.st.stm32cube.ide.mcu.externaltools.gnu-tools-for-stm32.12.3.rel1.linux64_1.0.100.202403111256/tools/bin/../lib/gcc/arm-none-eabi/12.3.1/../../../../arm-none-eabi/lib/thumb/v7-m/nofp/libc_nano.a(libc_a-mallocr.o)
                0x080083ac                _malloc_r
 .text.__malloc_lock
                0x080084ac        0xc /opt/st/stm32cubeide_1.15.0/plugins/com.st.stm32cube.ide.mcu.externaltools.gnu-tools-for-stm32.12.3.rel1.linux64_1.0.100.202403111256/tools/bin/../lib/gcc/arm-none-eabi/12.3.1/../../../../arm-none-eabi/lib/thumb/v7-m/nofp/libc_nano.a(libc_a-mlock.o)
                0x080084ac                __malloc_lock
 .text.__malloc_unlock
                0x080084b8        0xc /opt/st/stm32cubeide_1.15.0/plugins/com.st.stm32cube.ide.mcu.externaltools.gnu-tools-for-stm32.12.3.rel1.linux64_1.0.100.202403111256/tools/bin/../lib/gcc/arm-none-eabi/12.3.1/../../../../arm-none-eabi/lib/thumb/v7-m/nofp/libc_nano.a(libc_a-mlock.o)
                0x080084b8                __malloc_unlock
 .text.__ssputs_r
                0x080084c4       0xb6 /opt/st/stm32cubeide_1.15.0/plugins/com.st.stm32cube.ide.mcu.externaltools.gnu-tools-for-stm32.12.3.rel1.linux64_1.0.100.202403111256/tools/bin/../lib/gcc/arm-none-eabi/12.3.1/../../../../arm-none-eabi/lib/thumb/v7-m/nofp/libc_nano.a(libc_a-nano-svfprintf.o)
                0x080084c4                __ssputs_r
 *fill*         0x0800857a        0x2 
 .text._svfprintf_r
                0x0800857c      0x1f8 /opt/st/stm32cubeide_1.15.0/plugins/com.st.stm32cube.ide.mcu.externaltools.gnu-tools-for-stm32.12.3.rel1.linux64_1.0.100.202403111256/tools/bin/../lib/gcc/arm-none-eabi/12.3.1/../../../../arm-none-eabi/lib/thumb/v7-m/nofp/libc_nano.a(libc_a-nano-svfprintf.o)
                0x0800857c                _svfprintf_r
                0x0800857c                _svfiprintf_r
 .text.__sfputc_r
                0x08008774       0x2a /opt/st/stm32cubeide_1.15.0/plugins/com.st.stm32cube.ide.mcu.externaltools.gnu-tools-for-stm32.12.3.rel1.linux64_1.0.100.202403111256/tools/bin/../lib/gcc/arm-none-eabi/12.3.1/../../../../arm-none-eabi/lib/thumb/v7-m/nofp/libc_nano.a(libc_a-nano-vfprintf.o)
 .text.__sfputs_r
                0x0800879e       0x24 /opt/st/stm32cubeide_1.15.0/plugins/com.st.stm32cube.ide.mcu.externaltools.gnu-tools-for-stm32.12.3.rel1.linux64_1.0.100.202403111256/tools/bin/../lib/gcc/arm-none-eabi/12.3.1/../../../../arm-none-eabi/lib/thumb/v7-m/nofp/libc_nano.a(libc_a-nano-vfprintf.o)
                0x0800879e                __sfputs_r
 *fill*         0x080087c2        0x2 
 .text._vfprintf_r
                0x080087c4      0x230 /opt/st/stm32cubeide_1.15.0/plugins/com.st.stm32cube.ide.mcu.externaltools.gnu-tools-for-stm32.12.3.rel1.linux64_1.0.100.202403111256/tools/bin/../lib/gcc/arm-none-eabi/12.3.1/../../../../arm-none-eabi/lib/thumb/v7-m/nofp/libc_nano.a(libc_a-nano-vfprintf.o)
                0x080087c4                _vfiprintf_r
                0x080087c4                _vfprintf_r
 .text._printf_common
                0x080089f4       0xe4 /opt/st/stm32cubeide_1.15.0/plugins/com.st.stm32cube.ide.mcu.externaltools.gnu-tools-for-stm32.12.3.rel1.linux64_1.0.100.202403111256/tools/bin/../lib/gcc/arm-none-eabi/12.3.1/../../../../arm-none-eabi/lib/thumb/v7-m/nofp/libc_nano.a(libc_a-nano-vfprintf_i.o)
                0x080089f4                _printf_common
 .text._printf_i
                0x08008ad8      0x240 /opt/st/stm32cubeide_1.15.0/plugins/com.st.stm32cube.ide.mcu.externaltools.gnu-tools-for-stm32.12.3.rel1.linux64_1.0.100.202403111256/tools/bin/../lib/gcc/arm-none-eabi/12.3.1/../../../../arm-none-eabi/lib/thumb/v7-m/nofp/libc_nano.a(libc_a-nano-vfprintf_i.o)
                0x08008ad8                _printf_i
 .text.__sflush_r
                0x08008d18      0x100 /opt/st/stm32cubeide_1.15.0/plugins/com.st.stm32cube.ide.mcu.externaltools.gnu-tools-for-stm32.12.3.rel1.linux64_1.0.100.202403111256/tools/bin/../lib/gcc/arm-none-eabi/12.3.1/../../../../arm-none-eabi/lib/thumb/v7-m/nofp/libc_nano.a(libc_a-fflush.o)
                0x08008d18                __sflush_r
 .text._fflush_r
                0x08008e18       0x50 /opt/st/stm32cubeide_1.15.0/plugins/com.st.stm32cube.ide.mcu.externaltools.gnu-tools-for-stm32.12.3.rel1.linux64_1.0.100.202403111256/tools/bin/../lib/gcc/arm-none-eabi/12.3.1/../../../../arm-none-eabi/lib/thumb/v7-m/nofp/libc_nano.a(libc_a-fflush.o)
                0x08008e18                _fflush_r
 .text.__swbuf_r
                0x08008e68       0x7c /opt/st/stm32cubeide_1.15.0/plugins/com.st.stm32cube.ide.mcu.externaltools.gnu-tools-for-stm32.12.3.rel1.linux64_1.0.100.202403111256/tools/bin/../lib/gcc/arm-none-eabi/12.3.1/../../../../arm-none-eabi/lib/thumb/v7-m/nofp/libc_nano.a(libc_a-wbuf.o)
                0x08008e68                __swbuf_r
 .text.__swsetup_r
                0x08008ee4       0xac /opt/st/stm32cubeide_1.15.0/plugins/com.st.stm32cube.ide.mcu.externaltools.gnu-tools-for-stm32.12.3.rel1.linux64_1.0.100.202403111256/tools/bin/../lib/gcc/arm-none-eabi/12.3.1/../../../../arm-none-eabi/lib/thumb/v7-m/nofp/libc_nano.a(libc_a-wsetup.o)
                0x08008ee4                __swsetup_r
 .text.memmove  0x08008f90       0x34 /opt/st/stm32cubeide_1.15.0/plugins/com.st.stm32cube.ide.mcu.externaltools.gnu-tools-for-stm32.12.3.rel1.linux64_1.0.100.202403111256/tools/bin/../lib/gcc/arm-none-eabi/12.3.1/../../../../arm-none-eabi/lib/thumb/v7-m/nofp/libc_nano.a(libc_a-memmove.o)
                0x08008f90                memmove
 .text._raise_r
                0x08008fc4       0x50 /opt/st/stm32cubeide_1.15.0/plugins/com.st.stm32cube.ide.mcu.externaltools.gnu-tools-for-stm32.12.3.rel1.linux64_1.0.100.202403111256/tools/bin/../lib/gcc/arm-none-eabi/12.3.1/../../../../arm-none-eabi/lib/thumb/v7-m/nofp/libc_nano.a(libc_a-signal.o)
                0x08008fc4                _raise_r
 .text.raise    0x08009014       0x10 /opt/st/stm32cubeide_1.15.0/plugins/com.st.stm32cube.ide.mcu.externaltools.gnu-tools-for-stm32.12.3.rel1.linux64_1.0.100.202403111256/tools/bin/../lib/gcc/arm-none-eabi/12.3.1/../../../../arm-none-eabi/lib/thumb/v7-m/nofp/libc_nano.a(libc_a-signal.o)
                0x08009014                raise
 .text._kill_r  0x08009024       0x24 /opt/st/stm32cubeide_1.15.0/plugins/com.st.stm32cube.ide.mcu.externaltools.gnu-tools-for-stm32.12.3.rel1.linux64_1.0.100.202403111256/tools/bin/../lib/gcc/arm-none-eabi/12.3.1/../../../../arm-none-eabi/lib/thumb/v7-m/nofp/libc_nano.a(libc_a-signalr.o)
                0x08009024                _kill_r
 .text._getpid_r
                0x08009048        0x4 /opt/st/stm32cubeide_1.15.0/plugins/com.st.stm32cube.ide.mcu.externaltools.gnu-tools-for-stm32.12.3.rel1.linux64_1.0.100.202403111256/tools/bin/../lib/gcc/arm-none-eabi/12.3.1/../../../../arm-none-eabi/lib/thumb/v7-m/nofp/libc_nano.a(libc_a-signalr.o)
                0x08009048                _getpid_r
 .text._sbrk_r  0x0800904c       0x20 /opt/st/stm32cubeide_1.15.0/plugins/com.st.stm32cube.ide.mcu.externaltools.gnu-tools-for-stm32.12.3.rel1.linux64_1.0.100.202403111256/tools/bin/../lib/gcc/arm-none-eabi/12.3.1/../../../../arm-none-eabi/lib/thumb/v7-m/nofp/libc_nano.a(libc_a-sbrkr.o)
                0x0800904c                _sbrk_r
 .text.memchr   0x0800906c       0x1c /opt/st/stm32cubeide_1.15.0/plugins/com.st.stm32cube.ide.mcu.externaltools.gnu-tools-for-stm32.12.3.rel1.linux64_1.0.100.202403111256/tools/bin/../lib/gcc/arm-none-eabi/12.3.1/../../../../arm-none-eabi/lib/thumb/v7-m/nofp/libc_nano.a(libc_a-memchr-stub.o)
                0x0800906c                memchr
 .text._realloc_r
                0x08009088       0x5c /opt/st/stm32cubeide_1.15.0/plugins/com.st.stm32cube.ide.mcu.externaltools.gnu-tools-for-stm32.12.3.rel1.linux64_1.0.100.202403111256/tools/bin/../lib/gcc/arm-none-eabi/12.3.1/../../../../arm-none-eabi/lib/thumb/v7-m/nofp/libc_nano.a(libc_a-reallocr.o)
                0x08009088                _realloc_r
 .text.__swhatbuf_r
                0x080090e4       0x4a /opt/st/stm32cubeide_1.15.0/plugins/com.st.stm32cube.ide.mcu.externaltools.gnu-tools-for-stm32.12.3.rel1.linux64_1.0.100.202403111256/tools/bin/../lib/gcc/arm-none-eabi/12.3.1/../../../../arm-none-eabi/lib/thumb/v7-m/nofp/libc_nano.a(libc_a-makebuf.o)
                0x080090e4                __swhatbuf_r
 .text.__smakebuf_r
                0x0800912e       0x78 /opt/st/stm32cubeide_1.15.0/plugins/com.st.stm32cube.ide.mcu.externaltools.gnu-tools-for-stm32.12.3.rel1.linux64_1.0.100.202403111256/tools/bin/../lib/gcc/arm-none-eabi/12.3.1/../../../../arm-none-eabi/lib/thumb/v7-m/nofp/libc_nano.a(libc_a-makebuf.o)
                0x0800912e                __smakebuf_r
 *fill*         0x080091a6        0x2 
 .text._fstat_r
                0x080091a8       0x24 /opt/st/stm32cubeide_1.15.0/plugins/com.st.stm32cube.ide.mcu.externaltools.gnu-tools-for-stm32.12.3.rel1.linux64_1.0.100.202403111256/tools/bin/../lib/gcc/arm-none-eabi/12.3.1/../../../../arm-none-eabi/lib/thumb/v7-m/nofp/libc_nano.a(libc_a-fstatr.o)
                0x080091a8                _fstat_r
 .text._isatty_r
                0x080091cc       0x20 /opt/st/stm32cubeide_1.15.0/plugins/com.st.stm32cube.ide.mcu.externaltools.gnu-tools-for-stm32.12.3.rel1.linux64_1.0.100.202403111256/tools/bin/../lib/gcc/arm-none-eabi/12.3.1/../../../../arm-none-eabi/lib/thumb/v7-m/nofp/libc_nano.a(libc_a-isattyr.o)
                0x080091cc                _isatty_r
 .text._malloc_usable_size_r
                0x080091ec       0x10 /opt/st/stm32cubeide_1.15.0/plugins/com.st.stm32cube.ide.mcu.externaltools.gnu-tools-for-stm32.12.3.rel1.linux64_1.0.100.202403111256/tools/bin/../lib/gcc/arm-none-eabi/12.3.1/../../../../arm-none-eabi/lib/thumb/v7-m/nofp/libc_nano.a(libc_a-msizer.o)
                0x080091ec                _malloc_usable_size_r
 *(.glue_7)
 .glue_7        0x080091fc        0x0 linker stubs
 *(.glue_7t)
 .glue_7t       0x080091fc        0x0 linker stubs
 *(.eh_frame)
 .eh_frame      0x080091fc        0x0 /opt/st/stm32cubeide_1.15.0/plugins/com.st.stm32cube.ide.mcu.externaltools.gnu-tools-for-stm32.12.3.rel1.linux64_1.0.100.202403111256/tools/bin/../lib/gcc/arm-none-eabi/12.3.1/thumb/v7-m/nofp/crtbegin.o
 *(.init)
 .init          0x080091fc        0x4 /opt/st/stm32cubeide_1.15.0/plugins/com.st.stm32cube.ide.mcu.externaltools.gnu-tools-for-stm32.12.3.rel1.linux64_1.0.100.202403111256/tools/bin/../lib/gcc/arm-none-eabi/12.3.1/thumb/v7-m/nofp/crti.o
                0x080091fc                _init
 .init          0x08009200        0x8 /opt/st/stm32cubeide_1.15.0/plugins/com.st.stm32cube.ide.mcu.externaltools.gnu-tools-for-stm32.12.3.rel1.linux64_1.0.100.202403111256/tools/bin/../lib/gcc/arm-none-eabi/12.3.1/thumb/v7-m/nofp/crtn.o
 *(.fini)
 .fini          0x08009208        0x4 /opt/st/stm32cubeide_1.15.0/plugins/com.st.stm32cube.ide.mcu.externaltools.gnu-tools-for-stm32.12.3.rel1.linux64_1.0.100.202403111256/tools/bin/../lib/gcc/arm-none-eabi/12.3.1/thumb/v7-m/nofp/crti.o
                0x08009208                _fini
 .fini          0x0800920c        0x8 /opt/st/stm32cubeide_1.15.0/plugins/com.st.stm32cube.ide.mcu.externaltools.gnu-tools-for-stm32.12.3.rel1.linux64_1.0.100.202403111256/tools/bin/../lib/gcc/arm-none-eabi/12.3.1/thumb/v7-m/nofp/crtn.o
                0x08009214                        . = ALIGN (0x4)
                0x08009214                        _etext = .

.vfp11_veneer   0x08009214        0x0
 .vfp11_veneer  0x08009214        0x0 linker stubs

.v4_bx          0x08009214        0x0
 .v4_bx         0x08009214        0x0 linker stubs

.iplt           0x08009214        0x0
 .iplt          0x08009214        0x0 /opt/st/stm32cubeide_1.15.0/plugins/com.st.stm32cube.ide.mcu.externaltools.gnu-tools-for-stm32.12.3.rel1.linux64_1.0.100.202403111256/tools/bin/../lib/gcc/arm-none-eabi/12.3.1/thumb/v7-m/nofp/crtbegin.o

.rodata         0x08009214      0x7e4
                0x08009214                        . = ALIGN (0x4)
 *(.rodata)
 .rodata        0x08009214       0x2c ./Core/Src/Application.o
 *(.rodata*)
 .rodata.hmi_recv.str1.4
                0x08009240       0x70 ./Core/Src/Application.o
 .rodata.example_func
                0x080092b0       0x38 ./Core/Src/Application.o
 .rodata.dwt_xfer3000.constprop.0.str1.4
                0x080092e8       0x2a ./Core/Src/deca_device.o
 *fill*         0x08009312        0x2 
 .rodata.dwt_xfer3000.constprop.1.str1.4
                0x08009314       0x1a ./Core/Src/deca_device.o
 *fill*         0x0800932e        0x2 
 .rodata.CSWTCH.227
                0x08009330       0x1c ./Core/Src/deca_device.o
 .rodata.__func__.1
                0x0800934c        0xd ./Core/Src/deca_device.o
 *fill*         0x08009359        0x3 
 .rodata.sts_length_factors
                0x0800935c        0xe ./Core/Src/deca_device.o
                0x0800935c                sts_length_factors
 *fill*         0x0800936a        0x2 
 .rodata.ds_twr_initiator_init.str1.4
                0x0800936c       0x8c ./Core/Src/ds_twr_initiator.o
                                 0x9c (size before relaxing)
 .rodata.ds_twr_initiator.str1.4
                0x080093f8       0x1c ./Core/Src/ds_twr_initiator.o
 .rodata.ds_twr_responder_init.str1.4
                0x08009414       0x14 ./Core/Src/ds_twr_responder.o
                                 0x9c (size before relaxing)
 .rodata.ds_twr_responder.str1.4
                0x08009428       0x1c ./Core/Src/ds_twr_responder.o
 .rodata.page_opts_sethighlight.str1.4
                0x08009444      0x3ee ./Core/Src/menu.o
 *fill*         0x08009832        0x2 
 .rodata.menu_key_options.str1.4
                0x08009834        0xe ./Core/Src/menu.o
 *fill*         0x08009842        0x2 
 .rodata.longtxchoose_key_options.str1.4
                0x08009844        0xe ./Core/Src/menu.o
 *fill*         0x08009852        0x2 
 .rodata.loca_id_choose_key_options.str1.4
                0x08009854       0x8f ./Core/Src/menu.o
 .rodata.about_key_options.str1.4
                0x080098e3        0xd ./Core/Src/menu.o
 *fill*         0x080098e3        0x1 
 .rodata.simple_rx_init.str1.4
                0x080098e4       0x11 ./Core/Src/simple_rx.o
                                 0x99 (size before relaxing)
 *fill*         0x080098f5        0x3 
 .rodata.simple_rx.str1.4
                0x080098f8       0x1f ./Core/Src/simple_rx.o
 *fill*         0x08009917        0x1 
 .rodata.simple_tx_init.str1.4
                0x08009918       0x11 ./Core/Src/simple_tx.o
                                 0x99 (size before relaxing)
 *fill*         0x08009929        0x3 
 .rodata.simple_tx.str1.4
                0x0800992c       0x30 ./Core/Src/simple_tx.o
 .rodata.APBPrescTable
                0x0800995c        0x8 ./Core/Src/system_stm32f1xx.o
                0x0800995c                APBPrescTable
 .rodata.AHBPrescTable
                0x08009964       0x10 ./Core/Src/system_stm32f1xx.o
                0x08009964                AHBPrescTable
 .rodata.aPredivFactorTable.0
                0x08009974        0x2 ./Drivers/STM32F1xx_HAL_Driver/Src/stm32f1xx_hal_rcc.o
 *fill*         0x08009976        0x2 
 .rodata.aPLLMULFactorTable.1
                0x08009978       0x10 ./Drivers/STM32F1xx_HAL_Driver/Src/stm32f1xx_hal_rcc.o
 .rodata.__assert_func.str1.1
                0x08009988       0x3c /opt/st/stm32cubeide_1.15.0/plugins/com.st.stm32cube.ide.mcu.externaltools.gnu-tools-for-stm32.12.3.rel1.linux64_1.0.100.202403111256/tools/bin/../lib/gcc/arm-none-eabi/12.3.1/../../../../arm-none-eabi/lib/thumb/v7-m/nofp/libc_nano.a(libc_a-assert.o)
                                 0x3d (size before relaxing)
 .rodata._svfprintf_r.str1.1
                0x080099c4       0x11 /opt/st/stm32cubeide_1.15.0/plugins/com.st.stm32cube.ide.mcu.externaltools.gnu-tools-for-stm32.12.3.rel1.linux64_1.0.100.202403111256/tools/bin/../lib/gcc/arm-none-eabi/12.3.1/../../../../arm-none-eabi/lib/thumb/v7-m/nofp/libc_nano.a(libc_a-nano-svfprintf.o)
 .rodata._vfprintf_r.str1.1
                0x080099d5       0x11 /opt/st/stm32cubeide_1.15.0/plugins/com.st.stm32cube.ide.mcu.externaltools.gnu-tools-for-stm32.12.3.rel1.linux64_1.0.100.202403111256/tools/bin/../lib/gcc/arm-none-eabi/12.3.1/../../../../arm-none-eabi/lib/thumb/v7-m/nofp/libc_nano.a(libc_a-nano-vfprintf.o)
 .rodata._printf_i.str1.1
                0x080099d5       0x22 /opt/st/stm32cubeide_1.15.0/plugins/com.st.stm32cube.ide.mcu.externaltools.gnu-tools-for-stm32.12.3.rel1.linux64_1.0.100.202403111256/tools/bin/../lib/gcc/arm-none-eabi/12.3.1/../../../../arm-none-eabi/lib/thumb/v7-m/nofp/libc_nano.a(libc_a-nano-vfprintf_i.o)
                0x080099f8                        . = ALIGN (0x4)
 *fill*         0x080099f7        0x1 

.ARM.extab      0x080099f8        0x0
                0x080099f8                        . = ALIGN (0x4)
 *(.ARM.extab* .gnu.linkonce.armextab.*)
                0x080099f8                        . = ALIGN (0x4)

.ARM            0x080099f8        0x8
                0x080099f8                        . = ALIGN (0x4)
                0x080099f8                        __exidx_start = .
 *(.ARM.exidx*)
 .ARM.exidx     0x080099f8        0x8 /opt/st/stm32cubeide_1.15.0/plugins/com.st.stm32cube.ide.mcu.externaltools.gnu-tools-for-stm32.12.3.rel1.linux64_1.0.100.202403111256/tools/bin/../lib/gcc/arm-none-eabi/12.3.1/../../../../arm-none-eabi/lib/thumb/v7-m/nofp/libc_nano.a(libc_a-strlen.o)
                0x08009a00                        __exidx_end = .
                0x08009a00                        . = ALIGN (0x4)

.preinit_array  0x08009a00        0x0
                0x08009a00                        . = ALIGN (0x4)
                0x08009a00                        PROVIDE (__preinit_array_start = .)
 *(.preinit_array*)
                0x08009a00                        PROVIDE (__preinit_array_end = .)
                0x08009a00                        . = ALIGN (0x4)

.init_array     0x08009a00        0x4
                0x08009a00                        . = ALIGN (0x4)
                0x08009a00                        PROVIDE (__init_array_start = .)
 *(SORT_BY_NAME(.init_array.*))
 *(.init_array*)
 .init_array    0x08009a00        0x4 /opt/st/stm32cubeide_1.15.0/plugins/com.st.stm32cube.ide.mcu.externaltools.gnu-tools-for-stm32.12.3.rel1.linux64_1.0.100.202403111256/tools/bin/../lib/gcc/arm-none-eabi/12.3.1/thumb/v7-m/nofp/crtbegin.o
                0x08009a04                        PROVIDE (__init_array_end = .)
                0x08009a04                        . = ALIGN (0x4)

.fini_array     0x08009a04        0x4
                0x08009a04                        . = ALIGN (0x4)
                [!provide]                        PROVIDE (__fini_array_start = .)
 *(SORT_BY_NAME(.fini_array.*))
 *(.fini_array*)
 .fini_array    0x08009a04        0x4 /opt/st/stm32cubeide_1.15.0/plugins/com.st.stm32cube.ide.mcu.externaltools.gnu-tools-for-stm32.12.3.rel1.linux64_1.0.100.202403111256/tools/bin/../lib/gcc/arm-none-eabi/12.3.1/thumb/v7-m/nofp/crtbegin.o
                [!provide]                        PROVIDE (__fini_array_end = .)
                0x08009a08                        . = ALIGN (0x4)
                0x08009a08                        _sidata = LOADADDR (.data)

.rel.dyn        0x08009a08        0x0
 .rel.iplt      0x08009a08        0x0 /opt/st/stm32cubeide_1.15.0/plugins/com.st.stm32cube.ide.mcu.externaltools.gnu-tools-for-stm32.12.3.rel1.linux64_1.0.100.202403111256/tools/bin/../lib/gcc/arm-none-eabi/12.3.1/thumb/v7-m/nofp/crtbegin.o

.data           0x20000000      0x178 load address 0x08009a08
                0x20000000                        . = ALIGN (0x4)
                0x20000000                        _sdata = .
 *(.data)
 *(.data*)
 .data.pdw3000local
                0x20000000        0x4 ./Core/Src/deca_device.o
 .data.Config_options
                0x20000004        0xc ./Core/Src/ds_twr_initiator.o
 .data.tx_final_msg
                0x20000010       0x16 ./Core/Src/ds_twr_initiator.o
 *fill*         0x20000026        0x2 
 .data.rx_resp_msg
                0x20000028       0x14 ./Core/Src/ds_twr_initiator.o
 .data.tx_poll_msg
                0x2000003c        0xa ./Core/Src/ds_twr_initiator.o
 *fill*         0x20000046        0x2 
 .data.config   0x20000048       0x10 ./Core/Src/ds_twr_initiator.o
 .data.Config_options
                0x20000058        0xc ./Core/Src/ds_twr_responder.o
 .data.rx_final_msg
                0x20000064       0x18 ./Core/Src/ds_twr_responder.o
 .data.tx_resp_msg
                0x2000007c       0x14 ./Core/Src/ds_twr_responder.o
 .data.rx_poll_msg
                0x20000090        0xc ./Core/Src/ds_twr_responder.o
 .data.config   0x2000009c       0x10 ./Core/Src/ds_twr_responder.o
 .data.hmi_page
                0x200000ac        0x1 ./Core/Src/menu.o
                0x200000ac                hmi_page
 *fill*         0x200000ad        0x3 
 .data.Config_options
                0x200000b0        0xc ./Core/Src/simple_rx.o
 .data.tx_msg   0x200000bc       0x15 ./Core/Src/simple_rx.o
 *fill*         0x200000d1        0x3 
 .data.config   0x200000d4       0x10 ./Core/Src/simple_rx.o
 .data.Config_options
                0x200000e4        0xc ./Core/Src/simple_tx.o
 .data.tx_msg   0x200000f0        0xe ./Core/Src/simple_tx.o
 *fill*         0x200000fe        0x2 
 .data.config   0x20000100       0x10 ./Core/Src/simple_tx.o
 .data.SystemCoreClock
                0x20000110        0x4 ./Core/Src/system_stm32f1xx.o
                0x20000110                SystemCoreClock
 .data.uwTickFreq
                0x20000114        0x1 ./Drivers/STM32F1xx_HAL_Driver/Src/stm32f1xx_hal.o
                0x20000114                uwTickFreq
 *fill*         0x20000115        0x3 
 .data.uwTickPrio
                0x20000118        0x4 ./Drivers/STM32F1xx_HAL_Driver/Src/stm32f1xx_hal.o
                0x20000118                uwTickPrio
 .data.__sglue  0x2000011c        0xc /opt/st/stm32cubeide_1.15.0/plugins/com.st.stm32cube.ide.mcu.externaltools.gnu-tools-for-stm32.12.3.rel1.linux64_1.0.100.202403111256/tools/bin/../lib/gcc/arm-none-eabi/12.3.1/../../../../arm-none-eabi/lib/thumb/v7-m/nofp/libc_nano.a(libc_a-findfp.o)
                0x2000011c                __sglue
 .data._impure_ptr
                0x20000128        0x4 /opt/st/stm32cubeide_1.15.0/plugins/com.st.stm32cube.ide.mcu.externaltools.gnu-tools-for-stm32.12.3.rel1.linux64_1.0.100.202403111256/tools/bin/../lib/gcc/arm-none-eabi/12.3.1/../../../../arm-none-eabi/lib/thumb/v7-m/nofp/libc_nano.a(libc_a-impure.o)
                0x20000128                _impure_ptr
 .data._impure_data
                0x2000012c       0x4c /opt/st/stm32cubeide_1.15.0/plugins/com.st.stm32cube.ide.mcu.externaltools.gnu-tools-for-stm32.12.3.rel1.linux64_1.0.100.202403111256/tools/bin/../lib/gcc/arm-none-eabi/12.3.1/../../../../arm-none-eabi/lib/thumb/v7-m/nofp/libc_nano.a(libc_a-impure.o)
                0x2000012c                _impure_data
 *(.RamFunc)
 *(.RamFunc*)
                0x20000178                        . = ALIGN (0x4)
                0x20000178                        _edata = .

.igot.plt       0x20000178        0x0 load address 0x08009b80
 .igot.plt      0x20000178        0x0 /opt/st/stm32cubeide_1.15.0/plugins/com.st.stm32cube.ide.mcu.externaltools.gnu-tools-for-stm32.12.3.rel1.linux64_1.0.100.202403111256/tools/bin/../lib/gcc/arm-none-eabi/12.3.1/thumb/v7-m/nofp/crtbegin.o
                0x20000178                        . = ALIGN (0x4)

.bss            0x20000178      0x7f0 load address 0x08009b80
                0x20000178                        _sbss = .
                0x20000178                        __bss_start__ = _sbss
 *(.bss)
 .bss           0x20000178       0x1c /opt/st/stm32cubeide_1.15.0/plugins/com.st.stm32cube.ide.mcu.externaltools.gnu-tools-for-stm32.12.3.rel1.linux64_1.0.100.202403111256/tools/bin/../lib/gcc/arm-none-eabi/12.3.1/thumb/v7-m/nofp/crtbegin.o
 *(.bss*)
 .bss.dwt_setting_data
                0x20000194       0x25 ./Core/Src/Application.o
                0x20000194                dwt_setting_data
 .bss.running_device
                0x200001b9        0x1 ./Core/Src/Application.o
                0x200001b9                running_device
 *fill*         0x200001ba        0x2 
 .bss.dist_str  0x200001bc       0x10 ./Core/Src/config_options.o
                0x200001bc                dist_str
 .bss.crcTable  0x200001cc      0x100 ./Core/Src/deca_device.o
 .bss.DW3000local
                0x200002cc       0x40 ./Core/Src/deca_device.o
 .bss.error_times
                0x2000030c        0x1 ./Core/Src/ds_twr_initiator.o
 *fill*         0x2000030d        0x3 
 .bss.last_distance
                0x20000310        0x8 ./Core/Src/ds_twr_initiator.o
 .bss.distances_sum
                0x20000318        0x8 ./Core/Src/ds_twr_initiator.o
 .bss.new_distances
                0x20000320       0x50 ./Core/Src/ds_twr_initiator.o
 .bss.d_len     0x20000370        0x1 ./Core/Src/ds_twr_initiator.o
 *fill*         0x20000371        0x7 
 .bss.distances
                0x20000378       0x50 ./Core/Src/ds_twr_initiator.o
 .bss.final_tx_ts
                0x200003c8        0x8 ./Core/Src/ds_twr_initiator.o
 .bss.resp_rx_ts
                0x200003d0        0x8 ./Core/Src/ds_twr_initiator.o
 .bss.poll_tx_ts
                0x200003d8        0x8 ./Core/Src/ds_twr_initiator.o
 .bss.rx_buffer
                0x200003e0       0x14 ./Core/Src/ds_twr_initiator.o
 .bss.frame_seq_nb
                0x200003f4        0x1 ./Core/Src/ds_twr_initiator.o
 .bss.error_times
                0x200003f5        0x1 ./Core/Src/ds_twr_responder.o
 *fill*         0x200003f6        0x2 
 .bss.last_distance
                0x200003f8        0x8 ./Core/Src/ds_twr_responder.o
 .bss.distances_sum
                0x20000400        0x8 ./Core/Src/ds_twr_responder.o
 .bss.new_distances
                0x20000408       0x50 ./Core/Src/ds_twr_responder.o
 .bss.d_len     0x20000458        0x1 ./Core/Src/ds_twr_responder.o
 *fill*         0x20000459        0x7 
 .bss.distances
                0x20000460       0x50 ./Core/Src/ds_twr_responder.o
 .bss.dist_str  0x200004b0       0x1e ./Core/Src/ds_twr_responder.o
 *fill*         0x200004ce        0x2 
 .bss.final_rx_ts
                0x200004d0        0x8 ./Core/Src/ds_twr_responder.o
 .bss.resp_tx_ts
                0x200004d8        0x8 ./Core/Src/ds_twr_responder.o
 .bss.poll_rx_ts
                0x200004e0        0x8 ./Core/Src/ds_twr_responder.o
 .bss.rx_buffer
                0x200004e8       0x18 ./Core/Src/ds_twr_responder.o
 .bss.frame_seq_nb
                0x20000500        0x1 ./Core/Src/ds_twr_responder.o
 *fill*         0x20000501        0x1 
 .bss.recvBufLen
                0x20000502        0x2 ./Core/Src/hmi_uart.o
                0x20000502                recvBufLen
 .bss.recvBuf   0x20000504       0x64 ./Core/Src/hmi_uart.o
                0x20000504                recvBuf
 .bss.recvChar  0x20000568        0x1 ./Core/Src/hmi_uart.o
                0x20000568                recvChar
 *fill*         0x20000569        0x7 
 .bss.huart1    0x20000570       0x48 ./Core/Src/main.o
                0x20000570                huart1
 .bss.htim4     0x200005b8       0x48 ./Core/Src/main.o
                0x200005b8                htim4
 .bss.hspi2     0x20000600       0x58 ./Core/Src/main.o
                0x20000600                hspi2
 .bss.hspi1     0x20000658       0x58 ./Core/Src/main.o
                0x20000658                hspi1
 .bss.flags     0x200006b0       0x18 ./Core/Src/main.o
                0x200006b0                flags
 .bss.language  0x200006c8        0x1 ./Core/Src/menu.o
                0x200006c8                language
 *fill*         0x200006c9        0x3 
 .bss.cur_opt   0x200006cc       0x12 ./Core/Src/menu.o
                0x200006cc                cur_opt
 *fill*         0x200006de        0x2 
 .bss.msg_str   0x200006e0       0x11 ./Core/Src/simple_rx.o
 *fill*         0x200006f1        0x1 
 .bss.rx_cnt    0x200006f2        0x2 ./Core/Src/simple_rx.o
 .bss.tx_cnt    0x200006f4        0x2 ./Core/Src/simple_rx.o
 .bss.frame_len
                0x200006f6        0x2 ./Core/Src/simple_rx.o
 .bss.rx_buffer
                0x200006f8       0x7f ./Core/Src/simple_rx.o
 *fill*         0x20000777        0x1 
 .bss.msg_str   0x20000778       0x11 ./Core/Src/simple_tx.o
 *fill*         0x20000789        0x1 
 .bss.rx_cnt    0x2000078a        0x2 ./Core/Src/simple_tx.o
 .bss.tx_cnt    0x2000078c        0x2 ./Core/Src/simple_tx.o
 *fill*         0x2000078e        0x2 
 .bss.rx_buffer
                0x20000790       0x7f ./Core/Src/simple_tx.o
 *fill*         0x2000080f        0x1 
 .bss.__sbrk_heap_end
                0x20000810        0x4 ./Core/Src/sysmem.o
 .bss.time32_incr
                0x20000814        0x4 ./Core/Src/uwb.o
                0x20000814                time32_incr
 .bss.uwTick    0x20000818        0x4 ./Drivers/STM32F1xx_HAL_Driver/Src/stm32f1xx_hal.o
                0x20000818                uwTick
 .bss.__sf      0x2000081c      0x138 /opt/st/stm32cubeide_1.15.0/plugins/com.st.stm32cube.ide.mcu.externaltools.gnu-tools-for-stm32.12.3.rel1.linux64_1.0.100.202403111256/tools/bin/../lib/gcc/arm-none-eabi/12.3.1/../../../../arm-none-eabi/lib/thumb/v7-m/nofp/libc_nano.a(libc_a-findfp.o)
                0x2000081c                __sf
 .bss.__stdio_exit_handler
                0x20000954        0x4 /opt/st/stm32cubeide_1.15.0/plugins/com.st.stm32cube.ide.mcu.externaltools.gnu-tools-for-stm32.12.3.rel1.linux64_1.0.100.202403111256/tools/bin/../lib/gcc/arm-none-eabi/12.3.1/../../../../arm-none-eabi/lib/thumb/v7-m/nofp/libc_nano.a(libc_a-findfp.o)
                0x20000954                __stdio_exit_handler
 .bss.errno     0x20000958        0x4 /opt/st/stm32cubeide_1.15.0/plugins/com.st.stm32cube.ide.mcu.externaltools.gnu-tools-for-stm32.12.3.rel1.linux64_1.0.100.202403111256/tools/bin/../lib/gcc/arm-none-eabi/12.3.1/../../../../arm-none-eabi/lib/thumb/v7-m/nofp/libc_nano.a(libc_a-reent.o)
                0x20000958                errno
 .bss.__lock___malloc_recursive_mutex
                0x2000095c        0x1 /opt/st/stm32cubeide_1.15.0/plugins/com.st.stm32cube.ide.mcu.externaltools.gnu-tools-for-stm32.12.3.rel1.linux64_1.0.100.202403111256/tools/bin/../lib/gcc/arm-none-eabi/12.3.1/../../../../arm-none-eabi/lib/thumb/v7-m/nofp/libc_nano.a(libc_a-lock.o)
                0x2000095c                __lock___malloc_recursive_mutex
 .bss.__lock___sfp_recursive_mutex
                0x2000095d        0x1 /opt/st/stm32cubeide_1.15.0/plugins/com.st.stm32cube.ide.mcu.externaltools.gnu-tools-for-stm32.12.3.rel1.linux64_1.0.100.202403111256/tools/bin/../lib/gcc/arm-none-eabi/12.3.1/../../../../arm-none-eabi/lib/thumb/v7-m/nofp/libc_nano.a(libc_a-lock.o)
                0x2000095d                __lock___sfp_recursive_mutex
 *fill*         0x2000095e        0x2 
 .bss.__malloc_sbrk_start
                0x20000960        0x4 /opt/st/stm32cubeide_1.15.0/plugins/com.st.stm32cube.ide.mcu.externaltools.gnu-tools-for-stm32.12.3.rel1.linux64_1.0.100.202403111256/tools/bin/../lib/gcc/arm-none-eabi/12.3.1/../../../../arm-none-eabi/lib/thumb/v7-m/nofp/libc_nano.a(libc_a-mallocr.o)
                0x20000960                __malloc_sbrk_start
 .bss.__malloc_free_list
                0x20000964        0x4 /opt/st/stm32cubeide_1.15.0/plugins/com.st.stm32cube.ide.mcu.externaltools.gnu-tools-for-stm32.12.3.rel1.linux64_1.0.100.202403111256/tools/bin/../lib/gcc/arm-none-eabi/12.3.1/../../../../arm-none-eabi/lib/thumb/v7-m/nofp/libc_nano.a(libc_a-mallocr.o)
                0x20000964                __malloc_free_list
 *(COMMON)
                0x20000968                        . = ALIGN (0x4)
                0x20000968                        _ebss = .
                0x20000968                        __bss_end__ = _ebss

._user_heap_stack
                0x20000968      0x600 load address 0x08009b80
                0x20000968                        . = ALIGN (0x8)
                [!provide]                        PROVIDE (end = .)
                0x20000968                        PROVIDE (_end = .)
                0x20000b68                        . = (. + _Min_Heap_Size)
 *fill*         0x20000968      0x200 
                0x20000f68                        . = (. + _Min_Stack_Size)
 *fill*         0x20000b68      0x400 
                0x20000f68                        . = ALIGN (0x8)

/DISCARD/
 libc.a(*)
 libm.a(*)
 libgcc.a(*)

.ARM.attributes
                0x00000000       0x29
 *(.ARM.attributes)
 .ARM.attributes
                0x00000000       0x1d /opt/st/stm32cubeide_1.15.0/plugins/com.st.stm32cube.ide.mcu.externaltools.gnu-tools-for-stm32.12.3.rel1.linux64_1.0.100.202403111256/tools/bin/../lib/gcc/arm-none-eabi/12.3.1/thumb/v7-m/nofp/crti.o
 .ARM.attributes
                0x0000001d       0x2d /opt/st/stm32cubeide_1.15.0/plugins/com.st.stm32cube.ide.mcu.externaltools.gnu-tools-for-stm32.12.3.rel1.linux64_1.0.100.202403111256/tools/bin/../lib/gcc/arm-none-eabi/12.3.1/thumb/v7-m/nofp/crtbegin.o
 .ARM.attributes
                0x0000004a       0x2d ./Core/Src/Application.o
 .ARM.attributes
                0x00000077       0x2d ./Core/Src/config_options.o
 .ARM.attributes
                0x000000a4       0x2d ./Core/Src/deca_device.o
 .ARM.attributes
                0x000000d1       0x2d ./Core/Src/ds_twr_initiator.o
 .ARM.attributes
                0x000000fe       0x2d ./Core/Src/ds_twr_responder.o
 .ARM.attributes
                0x0000012b       0x2d ./Core/Src/hmi_uart.o
 .ARM.attributes
                0x00000158       0x2d ./Core/Src/key.o
 .ARM.attributes
                0x00000185       0x2d ./Core/Src/main.o
 .ARM.attributes
                0x000001b2       0x2d ./Core/Src/menu.o
 .ARM.attributes
                0x000001df       0x2d ./Core/Src/shared_functions.o
 .ARM.attributes
                0x0000020c       0x2d ./Core/Src/simple_rx.o
 .ARM.attributes
                0x00000239       0x2d ./Core/Src/simple_tx.o
 .ARM.attributes
                0x00000266       0x2d ./Core/Src/stm32f1xx_hal_msp.o
 .ARM.attributes
                0x00000293       0x2d ./Core/Src/stm32f1xx_it.o
 .ARM.attributes
                0x000002c0       0x2d ./Core/Src/syscalls.o
 .ARM.attributes
                0x000002ed       0x2d ./Core/Src/sysmem.o
 .ARM.attributes
                0x0000031a       0x2d ./Core/Src/system_stm32f1xx.o
 .ARM.attributes
                0x00000347       0x2d ./Core/Src/uwb.o
 .ARM.attributes
                0x00000374       0x21 ./Core/Startup/startup_stm32f103c8tx.o
 .ARM.attributes
                0x00000395       0x2d ./Drivers/STM32F1xx_HAL_Driver/Src/stm32f1xx_hal.o
 .ARM.attributes
                0x000003c2       0x2d ./Drivers/STM32F1xx_HAL_Driver/Src/stm32f1xx_hal_cortex.o
 .ARM.attributes
                0x000003ef       0x2d ./Drivers/STM32F1xx_HAL_Driver/Src/stm32f1xx_hal_dma.o
 .ARM.attributes
                0x0000041c       0x2d ./Drivers/STM32F1xx_HAL_Driver/Src/stm32f1xx_hal_gpio.o
 .ARM.attributes
                0x00000449       0x2d ./Drivers/STM32F1xx_HAL_Driver/Src/stm32f1xx_hal_rcc.o
 .ARM.attributes
                0x00000476       0x2d ./Drivers/STM32F1xx_HAL_Driver/Src/stm32f1xx_hal_spi.o
 .ARM.attributes
                0x000004a3       0x2d ./Drivers/STM32F1xx_HAL_Driver/Src/stm32f1xx_hal_tim.o
 .ARM.attributes
                0x000004d0       0x2d ./Drivers/STM32F1xx_HAL_Driver/Src/stm32f1xx_hal_tim_ex.o
 .ARM.attributes
                0x000004fd       0x2d ./Drivers/STM32F1xx_HAL_Driver/Src/stm32f1xx_hal_uart.o
 .ARM.attributes
                0x0000052a       0x2d /opt/st/stm32cubeide_1.15.0/plugins/com.st.stm32cube.ide.mcu.externaltools.gnu-tools-for-stm32.12.3.rel1.linux64_1.0.100.202403111256/tools/bin/../lib/gcc/arm-none-eabi/12.3.1/../../../../arm-none-eabi/lib/thumb/v7-m/nofp/libc_nano.a(libc_a-assert.o)
 .ARM.attributes
                0x00000557       0x2d /opt/st/stm32cubeide_1.15.0/plugins/com.st.stm32cube.ide.mcu.externaltools.gnu-tools-for-stm32.12.3.rel1.linux64_1.0.100.202403111256/tools/bin/../lib/gcc/arm-none-eabi/12.3.1/../../../../arm-none-eabi/lib/thumb/v7-m/nofp/libc_nano.a(libc_a-findfp.o)
 .ARM.attributes
                0x00000584       0x2d /opt/st/stm32cubeide_1.15.0/plugins/com.st.stm32cube.ide.mcu.externaltools.gnu-tools-for-stm32.12.3.rel1.linux64_1.0.100.202403111256/tools/bin/../lib/gcc/arm-none-eabi/12.3.1/../../../../arm-none-eabi/lib/thumb/v7-m/nofp/libc_nano.a(libc_a-fprintf.o)
 .ARM.attributes
                0x000005b1       0x2d /opt/st/stm32cubeide_1.15.0/plugins/com.st.stm32cube.ide.mcu.externaltools.gnu-tools-for-stm32.12.3.rel1.linux64_1.0.100.202403111256/tools/bin/../lib/gcc/arm-none-eabi/12.3.1/../../../../arm-none-eabi/lib/thumb/v7-m/nofp/libc_nano.a(libc_a-fwalk.o)
 .ARM.attributes
                0x000005de       0x2d /opt/st/stm32cubeide_1.15.0/plugins/com.st.stm32cube.ide.mcu.externaltools.gnu-tools-for-stm32.12.3.rel1.linux64_1.0.100.202403111256/tools/bin/../lib/gcc/arm-none-eabi/12.3.1/../../../../arm-none-eabi/lib/thumb/v7-m/nofp/libc_nano.a(libc_a-sprintf.o)
 .ARM.attributes
                0x0000060b       0x2d /opt/st/stm32cubeide_1.15.0/plugins/com.st.stm32cube.ide.mcu.externaltools.gnu-tools-for-stm32.12.3.rel1.linux64_1.0.100.202403111256/tools/bin/../lib/gcc/arm-none-eabi/12.3.1/../../../../arm-none-eabi/lib/thumb/v7-m/nofp/libc_nano.a(libc_a-stdio.o)
 .ARM.attributes
                0x00000638       0x2d /opt/st/stm32cubeide_1.15.0/plugins/com.st.stm32cube.ide.mcu.externaltools.gnu-tools-for-stm32.12.3.rel1.linux64_1.0.100.202403111256/tools/bin/../lib/gcc/arm-none-eabi/12.3.1/../../../../arm-none-eabi/lib/thumb/v7-m/nofp/libc_nano.a(libc_a-memcmp.o)
 .ARM.attributes
                0x00000665       0x2d /opt/st/stm32cubeide_1.15.0/plugins/com.st.stm32cube.ide.mcu.externaltools.gnu-tools-for-stm32.12.3.rel1.linux64_1.0.100.202403111256/tools/bin/../lib/gcc/arm-none-eabi/12.3.1/../../../../arm-none-eabi/lib/thumb/v7-m/nofp/libc_nano.a(libc_a-memset.o)
 .ARM.attributes
                0x00000692       0x2d /opt/st/stm32cubeide_1.15.0/plugins/com.st.stm32cube.ide.mcu.externaltools.gnu-tools-for-stm32.12.3.rel1.linux64_1.0.100.202403111256/tools/bin/../lib/gcc/arm-none-eabi/12.3.1/../../../../arm-none-eabi/lib/thumb/v7-m/nofp/libc_nano.a(libc_a-closer.o)
 .ARM.attributes
                0x000006bf       0x2d /opt/st/stm32cubeide_1.15.0/plugins/com.st.stm32cube.ide.mcu.externaltools.gnu-tools-for-stm32.12.3.rel1.linux64_1.0.100.202403111256/tools/bin/../lib/gcc/arm-none-eabi/12.3.1/../../../../arm-none-eabi/lib/thumb/v7-m/nofp/libc_nano.a(libc_a-reent.o)
 .ARM.attributes
                0x000006ec       0x2d /opt/st/stm32cubeide_1.15.0/plugins/com.st.stm32cube.ide.mcu.externaltools.gnu-tools-for-stm32.12.3.rel1.linux64_1.0.100.202403111256/tools/bin/../lib/gcc/arm-none-eabi/12.3.1/../../../../arm-none-eabi/lib/thumb/v7-m/nofp/libc_nano.a(libc_a-impure.o)
 .ARM.attributes
                0x00000719       0x2d /opt/st/stm32cubeide_1.15.0/plugins/com.st.stm32cube.ide.mcu.externaltools.gnu-tools-for-stm32.12.3.rel1.linux64_1.0.100.202403111256/tools/bin/../lib/gcc/arm-none-eabi/12.3.1/../../../../arm-none-eabi/lib/thumb/v7-m/nofp/libc_nano.a(libc_a-lseekr.o)
 .ARM.attributes
                0x00000746       0x2d /opt/st/stm32cubeide_1.15.0/plugins/com.st.stm32cube.ide.mcu.externaltools.gnu-tools-for-stm32.12.3.rel1.linux64_1.0.100.202403111256/tools/bin/../lib/gcc/arm-none-eabi/12.3.1/../../../../arm-none-eabi/lib/thumb/v7-m/nofp/libc_nano.a(libc_a-readr.o)
 .ARM.attributes
                0x00000773       0x2d /opt/st/stm32cubeide_1.15.0/plugins/com.st.stm32cube.ide.mcu.externaltools.gnu-tools-for-stm32.12.3.rel1.linux64_1.0.100.202403111256/tools/bin/../lib/gcc/arm-none-eabi/12.3.1/../../../../arm-none-eabi/lib/thumb/v7-m/nofp/libc_nano.a(libc_a-writer.o)
 .ARM.attributes
                0x000007a0       0x2d /opt/st/stm32cubeide_1.15.0/plugins/com.st.stm32cube.ide.mcu.externaltools.gnu-tools-for-stm32.12.3.rel1.linux64_1.0.100.202403111256/tools/bin/../lib/gcc/arm-none-eabi/12.3.1/../../../../arm-none-eabi/lib/thumb/v7-m/nofp/libc_nano.a(libc_a-errno.o)
 .ARM.attributes
                0x000007cd       0x2d /opt/st/stm32cubeide_1.15.0/plugins/com.st.stm32cube.ide.mcu.externaltools.gnu-tools-for-stm32.12.3.rel1.linux64_1.0.100.202403111256/tools/bin/../lib/gcc/arm-none-eabi/12.3.1/../../../../arm-none-eabi/lib/thumb/v7-m/nofp/libc_nano.a(libc_a-init.o)
 .ARM.attributes
                0x000007fa       0x2d /opt/st/stm32cubeide_1.15.0/plugins/com.st.stm32cube.ide.mcu.externaltools.gnu-tools-for-stm32.12.3.rel1.linux64_1.0.100.202403111256/tools/bin/../lib/gcc/arm-none-eabi/12.3.1/../../../../arm-none-eabi/lib/thumb/v7-m/nofp/libc_nano.a(libc_a-lock.o)
 .ARM.attributes
                0x00000827       0x2d /opt/st/stm32cubeide_1.15.0/plugins/com.st.stm32cube.ide.mcu.externaltools.gnu-tools-for-stm32.12.3.rel1.linux64_1.0.100.202403111256/tools/bin/../lib/gcc/arm-none-eabi/12.3.1/../../../../arm-none-eabi/lib/thumb/v7-m/nofp/libc_nano.a(libc_a-memcpy-stub.o)
 .ARM.attributes
                0x00000854       0x17 /opt/st/stm32cubeide_1.15.0/plugins/com.st.stm32cube.ide.mcu.externaltools.gnu-tools-for-stm32.12.3.rel1.linux64_1.0.100.202403111256/tools/bin/../lib/gcc/arm-none-eabi/12.3.1/../../../../arm-none-eabi/lib/thumb/v7-m/nofp/libc_nano.a(libc_a-strlen.o)
 .ARM.attributes
                0x0000086b       0x2d /opt/st/stm32cubeide_1.15.0/plugins/com.st.stm32cube.ide.mcu.externaltools.gnu-tools-for-stm32.12.3.rel1.linux64_1.0.100.202403111256/tools/bin/../lib/gcc/arm-none-eabi/12.3.1/../../../../arm-none-eabi/lib/thumb/v7-m/nofp/libc_nano.a(libc_a-abort.o)
 .ARM.attributes
                0x00000898       0x2d /opt/st/stm32cubeide_1.15.0/plugins/com.st.stm32cube.ide.mcu.externaltools.gnu-tools-for-stm32.12.3.rel1.linux64_1.0.100.202403111256/tools/bin/../lib/gcc/arm-none-eabi/12.3.1/../../../../arm-none-eabi/lib/thumb/v7-m/nofp/libc_nano.a(libc_a-freer.o)
 .ARM.attributes
                0x000008c5       0x2d /opt/st/stm32cubeide_1.15.0/plugins/com.st.stm32cube.ide.mcu.externaltools.gnu-tools-for-stm32.12.3.rel1.linux64_1.0.100.202403111256/tools/bin/../lib/gcc/arm-none-eabi/12.3.1/../../../../arm-none-eabi/lib/thumb/v7-m/nofp/libc_nano.a(libc_a-mallocr.o)
 .ARM.attributes
                0x000008f2       0x2d /opt/st/stm32cubeide_1.15.0/plugins/com.st.stm32cube.ide.mcu.externaltools.gnu-tools-for-stm32.12.3.rel1.linux64_1.0.100.202403111256/tools/bin/../lib/gcc/arm-none-eabi/12.3.1/../../../../arm-none-eabi/lib/thumb/v7-m/nofp/libc_nano.a(libc_a-mlock.o)
 .ARM.attributes
                0x0000091f       0x2d /opt/st/stm32cubeide_1.15.0/plugins/com.st.stm32cube.ide.mcu.externaltools.gnu-tools-for-stm32.12.3.rel1.linux64_1.0.100.202403111256/tools/bin/../lib/gcc/arm-none-eabi/12.3.1/../../../../arm-none-eabi/lib/thumb/v7-m/nofp/libc_nano.a(libc_a-nano-svfprintf.o)
 .ARM.attributes
                0x0000094c       0x2d /opt/st/stm32cubeide_1.15.0/plugins/com.st.stm32cube.ide.mcu.externaltools.gnu-tools-for-stm32.12.3.rel1.linux64_1.0.100.202403111256/tools/bin/../lib/gcc/arm-none-eabi/12.3.1/../../../../arm-none-eabi/lib/thumb/v7-m/nofp/libc_nano.a(libc_a-nano-vfprintf.o)
 .ARM.attributes
                0x00000979       0x2d /opt/st/stm32cubeide_1.15.0/plugins/com.st.stm32cube.ide.mcu.externaltools.gnu-tools-for-stm32.12.3.rel1.linux64_1.0.100.202403111256/tools/bin/../lib/gcc/arm-none-eabi/12.3.1/../../../../arm-none-eabi/lib/thumb/v7-m/nofp/libc_nano.a(libc_a-nano-vfprintf_i.o)
 .ARM.attributes
                0x000009a6       0x2d /opt/st/stm32cubeide_1.15.0/plugins/com.st.stm32cube.ide.mcu.externaltools.gnu-tools-for-stm32.12.3.rel1.linux64_1.0.100.202403111256/tools/bin/../lib/gcc/arm-none-eabi/12.3.1/../../../../arm-none-eabi/lib/thumb/v7-m/nofp/libc_nano.a(libc_a-fflush.o)
 .ARM.attributes
                0x000009d3       0x2d /opt/st/stm32cubeide_1.15.0/plugins/com.st.stm32cube.ide.mcu.externaltools.gnu-tools-for-stm32.12.3.rel1.linux64_1.0.100.202403111256/tools/bin/../lib/gcc/arm-none-eabi/12.3.1/../../../../arm-none-eabi/lib/thumb/v7-m/nofp/libc_nano.a(libc_a-wbuf.o)
 .ARM.attributes
                0x00000a00       0x2d /opt/st/stm32cubeide_1.15.0/plugins/com.st.stm32cube.ide.mcu.externaltools.gnu-tools-for-stm32.12.3.rel1.linux64_1.0.100.202403111256/tools/bin/../lib/gcc/arm-none-eabi/12.3.1/../../../../arm-none-eabi/lib/thumb/v7-m/nofp/libc_nano.a(libc_a-wsetup.o)
 .ARM.attributes
                0x00000a2d       0x2d /opt/st/stm32cubeide_1.15.0/plugins/com.st.stm32cube.ide.mcu.externaltools.gnu-tools-for-stm32.12.3.rel1.linux64_1.0.100.202403111256/tools/bin/../lib/gcc/arm-none-eabi/12.3.1/../../../../arm-none-eabi/lib/thumb/v7-m/nofp/libc_nano.a(libc_a-memmove.o)
 .ARM.attributes
                0x00000a5a       0x2d /opt/st/stm32cubeide_1.15.0/plugins/com.st.stm32cube.ide.mcu.externaltools.gnu-tools-for-stm32.12.3.rel1.linux64_1.0.100.202403111256/tools/bin/../lib/gcc/arm-none-eabi/12.3.1/../../../../arm-none-eabi/lib/thumb/v7-m/nofp/libc_nano.a(libc_a-signal.o)
 .ARM.attributes
                0x00000a87       0x2d /opt/st/stm32cubeide_1.15.0/plugins/com.st.stm32cube.ide.mcu.externaltools.gnu-tools-for-stm32.12.3.rel1.linux64_1.0.100.202403111256/tools/bin/../lib/gcc/arm-none-eabi/12.3.1/../../../../arm-none-eabi/lib/thumb/v7-m/nofp/libc_nano.a(libc_a-signalr.o)
 .ARM.attributes
                0x00000ab4       0x2d /opt/st/stm32cubeide_1.15.0/plugins/com.st.stm32cube.ide.mcu.externaltools.gnu-tools-for-stm32.12.3.rel1.linux64_1.0.100.202403111256/tools/bin/../lib/gcc/arm-none-eabi/12.3.1/../../../../arm-none-eabi/lib/thumb/v7-m/nofp/libc_nano.a(libc_a-sbrkr.o)
 .ARM.attributes
                0x00000ae1       0x2d /opt/st/stm32cubeide_1.15.0/plugins/com.st.stm32cube.ide.mcu.externaltools.gnu-tools-for-stm32.12.3.rel1.linux64_1.0.100.202403111256/tools/bin/../lib/gcc/arm-none-eabi/12.3.1/../../../../arm-none-eabi/lib/thumb/v7-m/nofp/libc_nano.a(libc_a-memchr-stub.o)
 .ARM.attributes
                0x00000b0e       0x2d /opt/st/stm32cubeide_1.15.0/plugins/com.st.stm32cube.ide.mcu.externaltools.gnu-tools-for-stm32.12.3.rel1.linux64_1.0.100.202403111256/tools/bin/../lib/gcc/arm-none-eabi/12.3.1/../../../../arm-none-eabi/lib/thumb/v7-m/nofp/libc_nano.a(libc_a-reallocr.o)
 .ARM.attributes
                0x00000b3b       0x2d /opt/st/stm32cubeide_1.15.0/plugins/com.st.stm32cube.ide.mcu.externaltools.gnu-tools-for-stm32.12.3.rel1.linux64_1.0.100.202403111256/tools/bin/../lib/gcc/arm-none-eabi/12.3.1/../../../../arm-none-eabi/lib/thumb/v7-m/nofp/libc_nano.a(libc_a-makebuf.o)
 .ARM.attributes
                0x00000b68       0x2d /opt/st/stm32cubeide_1.15.0/plugins/com.st.stm32cube.ide.mcu.externaltools.gnu-tools-for-stm32.12.3.rel1.linux64_1.0.100.202403111256/tools/bin/../lib/gcc/arm-none-eabi/12.3.1/../../../../arm-none-eabi/lib/thumb/v7-m/nofp/libc_nano.a(libc_a-fstatr.o)
 .ARM.attributes
                0x00000b95       0x2d /opt/st/stm32cubeide_1.15.0/plugins/com.st.stm32cube.ide.mcu.externaltools.gnu-tools-for-stm32.12.3.rel1.linux64_1.0.100.202403111256/tools/bin/../lib/gcc/arm-none-eabi/12.3.1/../../../../arm-none-eabi/lib/thumb/v7-m/nofp/libc_nano.a(libc_a-isattyr.o)
 .ARM.attributes
                0x00000bc2       0x2d /opt/st/stm32cubeide_1.15.0/plugins/com.st.stm32cube.ide.mcu.externaltools.gnu-tools-for-stm32.12.3.rel1.linux64_1.0.100.202403111256/tools/bin/../lib/gcc/arm-none-eabi/12.3.1/../../../../arm-none-eabi/lib/thumb/v7-m/nofp/libc_nano.a(libc_a-msizer.o)
 .ARM.attributes
                0x00000bef       0x1d /opt/st/stm32cubeide_1.15.0/plugins/com.st.stm32cube.ide.mcu.externaltools.gnu-tools-for-stm32.12.3.rel1.linux64_1.0.100.202403111256/tools/bin/../lib/gcc/arm-none-eabi/12.3.1/thumb/v7-m/nofp/libgcc.a(_arm_addsubdf3.o)
 .ARM.attributes
                0x00000c0c       0x1d /opt/st/stm32cubeide_1.15.0/plugins/com.st.stm32cube.ide.mcu.externaltools.gnu-tools-for-stm32.12.3.rel1.linux64_1.0.100.202403111256/tools/bin/../lib/gcc/arm-none-eabi/12.3.1/thumb/v7-m/nofp/libgcc.a(_arm_muldivdf3.o)
 .ARM.attributes