../Core/Src/deca_device.c:196:6:dwt_xfer3000.constprop	16	static
../Core/Src/deca_device.c:196:6:dwt_xfer3000.constprop	32	static
../Core/Src/deca_device.c:696:6:_dwt_prog_ldo_and_bias_tune	24	static
../Core/Src/deca_device.c:2718:10:_dwt_otpread	40	static
../Core/Src/deca_device.c:155:9:dwt_apiversion	0	static
../Core/Src/deca_device.c:170:5:dwt_setlocaldataptr	0	static
../Core/Src/deca_device.c:333:6:dwt_writetodevice	16	static
../Core/Src/deca_device.c:355:6:dwt_wakeup_ic	0	static
../Core/Src/deca_device.c:373:6:dwt_readfromdevice	40	static
../Core/Src/deca_device.c:395:10:dwt_read32bitoffsetreg	32	static
../Core/Src/deca_device.c:423:10:dwt_read16bitoffsetreg	32	static
../Core/Src/deca_device.c:446:9:dwt_read8bitoffsetreg	32	static
../Core/Src/deca_device.c:467:6:dwt_write32bitoffsetreg	16	static
../Core/Src/deca_device.c:493:6:dwt_write16bitoffsetreg	16	static
../Core/Src/deca_device.c:515:6:dwt_write8bitoffsetreg	24	static
../Core/Src/deca_device.c:532:6:dwt_modify32bitoffsetreg	24	static
../Core/Src/deca_device.c:556:6:dwt_modify16bitoffsetreg	16	static
../Core/Src/deca_device.c:576:6:dwt_modify8bitoffsetreg	16	static
../Core/Src/deca_device.c:639:9:dwt_generatecrc8	4	static
../Core/Src/deca_device.c:675:6:dwt_enablespicrccheck	32	static
../Core/Src/deca_device.c:779:5:dwt_initialise	40	static
../Core/Src/deca_device.c:872:6:dwt_setdwstate	32	static
../Core/Src/deca_device.c:911:6:dwt_enablegpioclocks	24	static
../Core/Src/deca_device.c:927:9:dwt_otprevision	0	static
../Core/Src/deca_device.c:942:6:dwt_setfinegraintxseq	16	static
../Core/Src/deca_device.c:969:6:dwt_setlnapamode	32	static
../Core/Src/deca_device.c:999:9:dwt_readpgdelay	32	static
../Core/Src/deca_device.c:1015:9:dwt_geticrefvolt	0	static
../Core/Src/deca_device.c:1031:9:dwt_geticreftemp	0	static
../Core/Src/deca_device.c:1047:10:dwt_getpartid	0	static
../Core/Src/deca_device.c:1063:10:dwt_getlotid	0	static
../Core/Src/deca_device.c:1077:10:dwt_readdevid	32	static
../Core/Src/deca_device.c:1129:6:dwt_configurestskey	24	static
../Core/Src/deca_device.c:1147:6:dwt_configurestsiv	24	static
../Core/Src/deca_device.c:1164:6:dwt_configurestsloadiv	16	static
../Core/Src/deca_device.c:1199:6:dwt_configmrxlut	56	static
../Core/Src/deca_device.c:1243:6:dwt_restoreconfig	40	static
../Core/Src/deca_device.c:1294:6:dwt_configurestsmode	32	static
../Core/Src/deca_device.c:1621:5:dwt_run_pgfcal	48	static
../Core/Src/deca_device.c:1585:5:dwt_pgf_cal	32	static
../Core/Src/deca_device.c:1331:5:dwt_configure	80	static
../Core/Src/deca_device.c:1679:6:dwt_setrxantennadelay	16	static
../Core/Src/deca_device.c:1696:6:dwt_settxantennadelay	16	static
../Core/Src/deca_device.c:1721:5:dwt_writetxdata	40	static
../Core/Src/deca_device.c:1766:6:dwt_writetxfctrl	32	static
../Core/Src/deca_device.c:1804:6:dwt_setplenfine	16	static
../Core/Src/deca_device.c:1821:6:dwt_read_rx_scratch_data	40	static
../Core/Src/deca_device.c:1841:6:dwt_readrxdata	40	static
../Core/Src/deca_device.c:1892:6:dwt_readaccdata	40	static
../Core/Src/deca_device.c:1932:9:dwt_readclockoffset	32	static
../Core/Src/deca_device.c:1969:9:dwt_readcarrierintegrator	32	static
../Core/Src/deca_device.c:2004:5:dwt_readstsquality	32	static
../Core/Src/deca_device.c:2031:5:dwt_readstsstatus	32	static
../Core/Src/deca_device.c:2068:6:dwt_readdiagnostics	272	static
../Core/Src/deca_device.c:2296:6:dwt_readtxtimestamp	32	static
../Core/Src/deca_device.c:2310:10:dwt_readtxtimestamphi32	32	static
../Core/Src/deca_device.c:2324:10:dwt_readtxtimestamplo32	32	static
../Core/Src/deca_device.c:2341:9:dwt_readpdoa	32	static
../Core/Src/deca_device.c:2376:6:dwt_readtdoa	32	static
../Core/Src/deca_device.c:2393:6:dwt_readrxtimestamp	32	static
../Core/Src/deca_device.c:2420:6:dwt_readrxtimestampunadj	32	static
../Core/Src/deca_device.c:2436:6:dwt_readrxtimestamp_ipatov	32	static
../Core/Src/deca_device.c:2463:6:dwt_readrxtimestamp_sts	32	static
../Core/Src/deca_device.c:2489:10:dwt_readrxtimestamphi32	32	static
../Core/Src/deca_device.c:2503:10:dwt_readrxtimestamplo32	32	static
../Core/Src/deca_device.c:2517:10:dwt_readsystimestamphi32	32	static
../Core/Src/deca_device.c:2533:6:dwt_readsystime	32	static
../Core/Src/deca_device.c:2567:6:dwt_configureframefilter	32	static
../Core/Src/deca_device.c:2593:6:dwt_setpanid	16	static
../Core/Src/deca_device.c:2609:6:dwt_setaddress16	16	static
../Core/Src/deca_device.c:2625:6:dwt_seteui	16	static
../Core/Src/deca_device.c:2640:6:dwt_geteui	32	static
../Core/Src/deca_device.c:2655:9:dwt_aon_read	40	static
../Core/Src/deca_device.c:2674:6:dwt_aon_write	32	static
../Core/Src/deca_device.c:2696:6:dwt_otpread	56	static
../Core/Src/deca_device.c:2740:7:__dwt_otp_write_wdata_id_reg	24	static
../Core/Src/deca_device.c:2877:5:dwt_otpwriteandverify	88	static
../Core/Src/deca_device.c:2905:6:dwt_entersleep	24	static
../Core/Src/deca_device.c:2930:6:dwt_configuresleepcnt	40	static
../Core/Src/deca_device.c:2949:10:dwt_calibratesleepcnt	40	static
../Core/Src/deca_device.c:3007:6:dwt_configuresleep	24	static
../Core/Src/deca_device.c:3025:6:dwt_clearaonconfig	24	static
../Core/Src/deca_device.c:3051:6:dwt_entersleepaftertx	16	static
../Core/Src/deca_device.c:3074:5:dwt_check_dev_id	32	static
../Core/Src/deca_device.c:3102:6:dwt_configciadiag	32	static
../Core/Src/deca_device.c:3131:6:dwt_enableautoack	32	static
../Core/Src/deca_device.c:3158:6:dwt_signal_rx_buff_free	16	static
../Core/Src/deca_device.c:3184:6:dwt_setdblrxbuffmode	32	static
../Core/Src/deca_device.c:3225:6:dwt_setrxaftertxdelay	32	static
../Core/Src/deca_device.c:3254:6:dwt_setcallbacks	4	static
../Core/Src/deca_device.c:3273:9:dwt_checkirq	32	static
../Core/Src/deca_device.c:3288:9:dwt_checkidlerc	32	static
../Core/Src/deca_device.c:3324:6:dwt_isr	56	static
../Core/Src/deca_device.c:3562:6:dwt_setleds	32	static
../Core/Src/deca_device.c:3645:6:dwt_setreferencetrxtime	16	static
../Core/Src/deca_device.c:3662:6:dwt_setdelayedtrxtime	16	static
../Core/Src/deca_device.c:3684:5:dwt_starttx	32	static
../Core/Src/deca_device.c:3799:6:dwt_forcetrxoff	16	static
../Core/Src/deca_device.c:3831:6:dwt_setsniffmode	16	static
../Core/Src/deca_device.c:3868:5:dwt_rxenable	32	static
../Core/Src/deca_device.c:3924:6:dwt_setrxtimeout	16	static
../Core/Src/deca_device.c:3949:6:dwt_setpreambledetecttimeout	16	static
../Core/Src/deca_device.c:3970:6:dwt_setinterrupt	48	static
../Core/Src/deca_device.c:4008:6:dwt_configeventcounters	24	static
../Core/Src/deca_device.c:4029:6:dwt_readeventcounters	32	static
../Core/Src/deca_device.c:4074:6:dwt_softreset	24	static
../Core/Src/deca_device.c:4107:6:dwt_setxtaltrim	16	static
../Core/Src/deca_device.c:4125:9:dwt_getxtaltrim	0	static
../Core/Src/deca_device.c:4209:6:dwt_repeated_cw	32	static
../Core/Src/deca_device.c:4236:6:dwt_repeated_frames	24	static
../Core/Src/deca_device.c:4303:6:dwt_configcwmode	40	static
../Core/Src/deca_device.c:4323:6:dwt_configcontinuousframemode	40	static
../Core/Src/deca_device.c:4343:10:dwt_readtempvbat	48	static
../Core/Src/deca_device.c:4398:7:dwt_convertrawtemperature	8	static
../Core/Src/deca_device.c:4419:7:dwt_convertrawvoltage	8	static
../Core/Src/deca_device.c:4440:9:dwt_readwakeuptemp	32	static
../Core/Src/deca_device.c:4456:9:dwt_readwakeupvbat	32	static
../Core/Src/deca_device.c:4476:9:dwt_calcbandwidthadj	48	static
../Core/Src/deca_device.c:1095:6:dwt_configuretxrf	40	static
../Core/Src/deca_device.c:4512:10:dwt_calcpgcount	56	static
../Core/Src/deca_device.c:4546:6:dwt_configure_aes	16	static
../Core/Src/deca_device.c:4568:16:dwt_mic_size_from_bytes	0	static
../Core/Src/deca_device.c:4588:6:dwt_set_keyreg_128	24	static
../Core/Src/deca_device.c:4698:8:dwt_do_aes	56	static
../Core/Src/deca_device.c:4882:6:dwt_configure_le_address	16	static
../Core/Src/deca_device.c:4911:6:dwt_configuresfdtype	24	static
