../Core/Src/menu.c:13:6:page_opts_sethighlight	8	static
../Core/Src/menu.c:258:6:menu_key_options	8	static
../Core/Src/menu.c:296:6:longtxchoose_key_options	8	static
../Core/Src/menu.c:333:6:simgletxchoose_key_options	8	static
../Core/Src/menu.c:370:6:rangingchoose_key_options	8	static
../Core/Src/menu.c:407:6:locationchoose_key_options	8	static
../Core/Src/menu.c:444:6:loca_id_choose_key_options	0	static
../Core/Src/menu.c:501:6:setting_key_options	0	static
../Core/Src/menu.c:544:6:longtxwave_key_options	0	static
../Core/Src/menu.c:566:6:longtxframe_key_options	0	static
../Core/Src/menu.c:588:6:simgletx_key_options	0	static
../Core/Src/menu.c:610:6:simglerx_key_options	0	static
../Core/Src/menu.c:632:6:ranginginit_key_options	0	static
../Core/Src/menu.c:654:6:rangingresp_key_options	0	static
../Core/Src/menu.c:676:6:loading_key_options	0	static
../Core/Src/menu.c:692:6:about_key_options	0	static
../Core/Src/menu.c:733:6:key_options	0	static
