../Core/Src/SX1278.c:40:6:lora_init	24	static
../Core/Src/SX1278.c:106:9:readReg	24	static
../Core/Src/SX1278.c:120:6:writeReg	40	static
../Core/Src/SX1278.c:139:6:setFreqReg	40	static
../Core/Src/SX1278.c:151:6:setMode	56	static
../Core/Src/SX1278.c:168:6:setTxMode	16	static
../Core/Src/SX1278.c:172:6:setRxMode	16	static
../Core/Src/SX1278.c:176:6:writeLoRaParams	24	static
../Core/Src/SX1278.c:215:6:writeCommon	24	static
../Core/Src/SX1278.c:224:6:restartRegFifoAddrPtr	24	static
../Core/Src/SX1278.c:232:6:startRxContinuous	24	static
../Core/Src/SX1278.c:243:9:lora_rx_done_old	24	static
../Core/Src/SX1278.c:257:6:init_sx1276_hw	24	static
../Core/Src/SX1278.c:278:6:read_lora_LR_RegFifo	32	static
../Core/Src/SX1278.c:290:6:restart_lora_rx_continuous_mode	16	static
../Core/Src/SX1278.c:296:9:read_lora_packet	24	static
../Core/Src/SX1278.c:323:9:write_lora_RegFifo	32	static
../Core/Src/SX1278.c:335:17:start_lora_transmission	32	static
../Core/Src/SX1278.c:354:6:lora_reset	16	static
../Core/Src/SX1278.c:362:6:init_lora_parameters	16	static
