../Core/Src/uwb3000Fxx.c:588:6:dwt_xfer3000.constprop	40	static
../Core/Src/uwb3000Fxx.c:759:10:dwt_read32bitoffsetreg.constprop	40	static
../Core/Src/uwb3000Fxx.c:726:6:dwt_wakeup_ic	0	static
../Core/Src/uwb3000Fxx.c:743:6:dwt_readfromdevice	0	static
../Core/Src/uwb3000Fxx.c:759:10:dwt_read32bitoffsetreg	40	static
../Core/Src/uwb3000Fxx.c:785:10:dwt_read16bitoffsetreg	40	static
../Core/Src/uwb3000Fxx.c:807:9:dwt_read8bitoffsetreg	16	static
../Core/Src/uwb3000Fxx.c:992:9:dwt_generatecrc8	4	static
../Core/Src/uwb3000Fxx.c:1272:9:dwt_otprevision	0	static
../Core/Src/uwb3000Fxx.c:1336:9:dwt_readpgdelay	24	static
../Core/Src/uwb3000Fxx.c:1351:9:dwt_geticrefvolt	0	static
../Core/Src/uwb3000Fxx.c:1366:9:dwt_geticreftemp	0	static
../Core/Src/uwb3000Fxx.c:1381:10:dwt_getpartid	0	static
../Core/Src/uwb3000Fxx.c:1396:10:dwt_getlotid	0	static
../Core/Src/uwb3000Fxx.c:1409:10:dwt_readdevid	32	static
../Core/Src/uwb3000Fxx.c:1493:10:get_sts_mnth	0	static
../Core/Src/uwb3000Fxx.c:2118:6:dwt_read_rx_scratch_data	0	static
../Core/Src/uwb3000Fxx.c:2218:9:dwt_readclockoffset	16	static
../Core/Src/uwb3000Fxx.c:2257:9:dwt_readcarrierintegrator	32	static
../Core/Src/uwb3000Fxx.c:2290:5:dwt_readstsquality	32	static
../Core/Src/uwb3000Fxx.c:2317:5:dwt_readstsstatus	16	static
../Core/Src/uwb3000Fxx.c:2354:6:dwt_readdiagnostics	248	static
../Core/Src/uwb3000Fxx.c:2730:6:dwt_readtxtimestamp	24	static
../Core/Src/uwb3000Fxx.c:2743:10:dwt_readtxtimestamphi32	32	static
../Core/Src/uwb3000Fxx.c:2756:10:dwt_readtxtimestamplo32	32	static
../Core/Src/uwb3000Fxx.c:2772:9:dwt_readpdoa	16	static
../Core/Src/uwb3000Fxx.c:2811:6:dwt_readtdoa	24	static
../Core/Src/uwb3000Fxx.c:2827:6:dwt_readrxtimestamp	0	static
../Core/Src/uwb3000Fxx.c:2854:6:dwt_readrxtimestampunadj	24	static
../Core/Src/uwb3000Fxx.c:2870:6:dwt_readrxtimestamp_ipatov	24	static
../Core/Src/uwb3000Fxx.c:2897:6:dwt_readrxtimestamp_sts	0	static
../Core/Src/uwb3000Fxx.c:2923:10:dwt_readrxtimestamphi32	32	static
../Core/Src/uwb3000Fxx.c:2936:10:dwt_readrxtimestamplo32	32	static
../Core/Src/uwb3000Fxx.c:2949:10:dwt_readsystimestamphi32	32	static
../Core/Src/uwb3000Fxx.c:2964:6:dwt_readsystime	24	static
../Core/Src/uwb3000Fxx.c:3065:6:dwt_geteui	24	static
../Core/Src/uwb3000Fxx.c:3482:5:dwt_check_dev_id	32	static
../Core/Src/uwb3000Fxx.c:3643:6:dwt_setcallbacks	4	static
../Core/Src/uwb3000Fxx.c:3662:9:dwt_checkirq	24	static
../Core/Src/uwb3000Fxx.c:3676:9:dwt_checkidlerc	32	static
../Core/Src/uwb3000Fxx.c:4351:6:dwt_readeventcounters	40	static
../Core/Src/uwb3000Fxx.c:4444:9:dwt_getxtaltrim	0	static
../Core/Src/uwb3000Fxx.c:4699:7:dwt_convertrawtemperature	8	static
../Core/Src/uwb3000Fxx.c:4719:7:dwt_convertrawvoltage	8	static
../Core/Src/uwb3000Fxx.c:4740:9:dwt_readwakeuptemp	24	static
../Core/Src/uwb3000Fxx.c:4755:9:dwt_readwakeupvbat	24	static
../Core/Src/uwb3000Fxx.c:4871:16:dwt_mic_size_from_bytes	0	static
../Core/Src/uwb3000Fxx.c:5195:19:write	128	static
../Core/Src/uwb3000Fxx.c:588:6:dwt_xfer3000	40	static
../Core/Src/uwb3000Fxx.c:588:6:dwt_xfer3000.constprop	16	static
../Core/Src/uwb3000Fxx.c:891:6:dwt_modify32bitoffsetreg.constprop	24	static
../Core/Src/uwb3000Fxx.c:891:6:dwt_modify32bitoffsetreg	24	static
../Core/Src/uwb3000Fxx.c:1046:6:_dwt_prog_ldo_and_bias_tune	24	static
../Core/Src/uwb3000Fxx.c:1489:6:dwt_configurestsloadiv	16	static
../Core/Src/uwb3000Fxx.c:3462:6:dwt_entersleepaftertx	16	static
../Core/Src/uwb3000Fxx.c:4973:6:dwt_update_nonce_GCM	16	static
../Core/Src/uwb3000Fxx.c:3051:6:dwt_seteui	16	static
../Core/Src/uwb3000Fxx.c:2102:6:dwt_setplenfine	16	static
../Core/Src/uwb3000Fxx.c:3020:6:dwt_setpanid	16	static
../Core/Src/uwb3000Fxx.c:1979:6:dwt_setrxantennadelay	16	static
../Core/Src/uwb3000Fxx.c:1995:6:dwt_settxantennadelay	16	static
../Core/Src/uwb3000Fxx.c:4276:6:dwt_setpreambledetecttimeout	16	static
../Core/Src/uwb3000Fxx.c:3035:6:dwt_setaddress16	16	static
../Core/Src/uwb3000Fxx.c:4426:6:dwt_setxtaltrim	16	static
../Core/Src/uwb3000Fxx.c:4137:6:dwt_forcetrxoff	16	static
../Core/Src/uwb3000Fxx.c:915:6:dwt_modify16bitoffsetreg	16	static
../Core/Src/uwb3000Fxx.c:3558:6:dwt_signal_rx_buff_free	16	static
../Core/Src/uwb3000Fxx.c:1027:6:dwt_enablespicrccheck	32	static
../Core/Src/uwb3000Fxx.c:3162:6:__dwt_otp_write_wdata_id_reg	24	static
../Core/Src/uwb3000Fxx.c:3420:6:dwt_configuresleep	24	static
../Core/Src/uwb3000Fxx.c:4850:6:dwt_configure_aes	16	static
../Core/Src/uwb3000Fxx.c:4033:6:dwt_setdelayedtrxtime	16	static
../Core/Src/uwb3000Fxx.c:4017:6:dwt_setreferencetrxtime	16	static
../Core/Src/uwb3000Fxx.c:3508:6:dwt_configciadiag	32	static
../Core/Src/uwb3000Fxx.c:550:10:dwt_otp_read	40	static
../Core/Src/uwb3000Fxx.c:3079:9:dwt_aon_read	40	static
../Core/Src/uwb3000Fxx.c:935:6:dwt_modify8bitoffsetreg	16	static
../Core/Src/uwb3000Fxx.c:1257:6:dwt_enablegpioclocks	24	static
../Core/Src/uwb3000Fxx.c:3437:6:dwt_clearaonconfig	24	static
../Core/Src/uwb3000Fxx.c:3098:6:dwt_aon_write	32	static
../Core/Src/uwb3000Fxx.c:3320:6:dwt_entersleep	24	static
../Core/Src/uwb3000Fxx.c:4168:6:dwt_setsniffmode	16	static
../Core/Src/uwb3000Fxx.c:1286:6:dwt_setfinegraintxseq	16	static
../Core/Src/uwb3000Fxx.c:4544:6:dwt_repeated_frames	24	static
../Core/Src/uwb3000Fxx.c:5179:6:dwt_configuresfdtype	24	static
../Core/Src/uwb3000Fxx.c:4254:6:dwt_setrxtimeout.part.0	16	static
../Core/Src/uwb3000Fxx.c:3615:6:dwt_setrxaftertxdelay	32	static
../Core/Src/uwb3000Fxx.c:4394:6:dwt_softreset	24	static
../Core/Src/uwb3000Fxx.c:4330:6:dwt_configeventcounters	24	static
../Core/Src/uwb3000Fxx.c:3362:10:dwt_calibratesleepcnt	40	static
../Core/Src/uwb3000Fxx.c:1309:6:dwt_setlnapamode	32	static
../Core/Src/uwb3000Fxx.c:3121:6:dwt_otpread	64	static
../Core/Src/uwb3000Fxx.c:1129:5:dwt_initialise	40	static
../Core/Src/uwb3000Fxx.c:874:6:dwt_write8bitoffsetreg	24	static
../Core/Src/uwb3000Fxx.c:6:5:dwt_local_data_init	40	static
../Core/Src/uwb3000Fxx.c:4516:6:dwt_repeated_cw	32	static
../Core/Src/uwb3000Fxx.c:852:6:dwt_write16bitoffsetreg	16	static
../Core/Src/uwb3000Fxx.c:4641:10:dwt_readtempvbat	56	static
../Core/Src/uwb3000Fxx.c:2997:6:dwt_configureframefilter	32	static
../Core/Src/uwb3000Fxx.c:827:6:dwt_write32bitoffsetreg.constprop	16	static
../Core/Src/uwb3000Fxx.c:827:6:dwt_write32bitoffsetreg	16	static
../Core/Src/uwb3000Fxx.c:4889:6:dwt_set_keyreg_128	24	static
../Core/Src/uwb3000Fxx.c:1473:6:dwt_configurestsiv	24	static
../Core/Src/uwb3000Fxx.c:1456:6:dwt_configurestskey	24	static
../Core/Src/uwb3000Fxx.c:3533:6:dwt_enableautoack	32	static
../Core/Src/uwb3000Fxx.c:4254:6:dwt_setrxtimeout	16	static
../Core/Src/uwb3000Fxx.c:1926:5:dwt_run_pgfcal	48	static,ignoring_inline_asm
../Core/Src/uwb3000Fxx.c:1895:5:dwt_pgf_cal	24	static
../Core/Src/uwb3000Fxx.c:5149:6:dwt_configure_le_address	16	static
../Core/Src/uwb3000Fxx.c:1063:6:_dwt_kick_ops_table_on_wakeup	24	static
../Core/Src/uwb3000Fxx.c:2056:6:dwt_writetxfctrl	32	static
../Core/Src/uwb3000Fxx.c:3344:6:dwt_configuresleepcnt	40	static
../Core/Src/uwb3000Fxx.c:2019:5:dwt_writetxdata	40	static
../Core/Src/uwb3000Fxx.c:710:6:dwt_writetodevice	16	static
../Core/Src/uwb3000Fxx.c:1520:6:dwt_configmrxlut	56	static
../Core/Src/uwb3000Fxx.c:365:8:calculate_tag_distance	104	static
../Core/Src/uwb3000Fxx.c:2183:6:dwt_readaccdata	32	static
../Core/Src/uwb3000Fxx.c:1609:6:dwt_configurestsmode	32	static
../Core/Src/uwb3000Fxx.c:3580:6:dwt_setdblrxbuffmode	32	static
../Core/Src/uwb3000Fxx.c:2138:6:dwt_readrxdata	32	static
../Core/Src/uwb3000Fxx.c:1098:6:_dwt_kick_dgc_on_wakeup	24	static
../Core/Src/uwb3000Fxx.c:4202:5:dwt_rxenable	24	static
../Core/Src/uwb3000Fxx.c:4993:8:dwt_do_aes	64	static
../Core/Src/uwb3000Fxx.c:1560:6:dwt_restoreconfig	32	static
../Core/Src/uwb3000Fxx.c:1215:6:dwt_setdwstate	32	static
../Core/Src/uwb3000Fxx.c:4296:6:dwt_setinterrupt	48	static
../Core/Src/uwb3000Fxx.c:4774:9:dwt_calcbandwidthadj	56	static
../Core/Src/uwb3000Fxx.c:1426:6:dwt_configuretxrf	40	static
../Core/Src/uwb3000Fxx.c:4813:10:dwt_calcpgcount	56	static
../Core/Src/uwb3000Fxx.c:3935:6:dwt_setleds	32	static
../Core/Src/uwb3000Fxx.c:1644:5:dwt_configure	64	static
../Core/Src/uwb3000Fxx.c:142:5:dwt_config2	80	static
../Core/Src/uwb3000Fxx.c:76:9:tag_init	72	static
../Core/Src/uwb3000Fxx.c:4621:6:dwt_configcontinuousframemode	40	static
../Core/Src/uwb3000Fxx.c:3296:5:dwt_otpwriteandverify	72	static
../Core/Src/uwb3000Fxx.c:4054:5:dwt_starttx	16	static
../Core/Src/uwb3000Fxx.c:438:9:send_message_with_timestamps	56	static
../Core/Src/uwb3000Fxx.c:487:10:send_response_with_timestamps	64	static
../Core/Src/uwb3000Fxx.c:4602:6:dwt_configcwmode	40	static
../Core/Src/uwb3000Fxx.c:3710:6:dwt_isr	32	static
../Core/Src/uwb3000Fxx.c:5214:19:read	24	static
../Core/Src/uwb3000Fxx.c:5236:6:check_for_status_errors	16	static
../Core/Src/uwb3000Fxx.c:5326:10:get_rx_delay_time_txpreamble	0	static
../Core/Src/uwb3000Fxx.c:5370:10:get_rx_delay_time_data_rate	0	static
../Core/Src/uwb3000Fxx.c:5399:6:set_delayed_rx_time	16	static
../Core/Src/uwb3000Fxx.c:5453:6:set_resp_rx_timeout	16	static
../Core/Src/uwb3000Fxx.c:5492:6:resync_sts	32	static
../Core/Src/uwb3000Fxx.c:5520:6:resp_msg_get_ts	0	static
../Core/Src/uwb3000Fxx.c:5539:10:get_tx_timestamp_u64	32	static
../Core/Src/uwb3000Fxx.c:5561:10:get_rx_timestamp_u64	16	static
../Core/Src/uwb3000Fxx.c:5584:6:final_msg_get_ts	0	static
../Core/Src/uwb3000Fxx.c:5603:6:final_msg_set_ts	0	static
../Core/Src/uwb3000Fxx.c:5622:6:resp_msg_set_ts	0	static
../Core/Src/uwb3000Fxx.c:5629:6:deca_usleep	0	static,ignoring_inline_asm
